Archive member included to satisfy reference by file (symbol)

/home/aditya/ra-08h/Ai-Thinker-LoRaWAN-Ra-08/drivers/crypto/lib/libcrypto.a(aes.o)
                              out/cmac.o (aes_init)
/usr/lib/gcc/arm-none-eabi/10.3.1/thumb/v7e-m/nofp/libgcc.a(_arm_muldf3.o)
                              out/pingpong.o (__aeabi_dmul)
/usr/lib/gcc/arm-none-eabi/10.3.1/thumb/v7e-m/nofp/libgcc.a(_arm_addsubdf3.o)
                              out/pingpong.o (__aeabi_dsub)
/usr/lib/gcc/arm-none-eabi/10.3.1/thumb/v7e-m/nofp/libgcc.a(_arm_muldivdf3.o)
                              out/pingpong.o (__aeabi_ddiv)
/usr/lib/gcc/arm-none-eabi/10.3.1/thumb/v7e-m/nofp/libgcc.a(_arm_cmpdf2.o)
                              out/pingpong.o (__aeabi_dcmpeq)
/usr/lib/gcc/arm-none-eabi/10.3.1/thumb/v7e-m/nofp/libgcc.a(_arm_fixdfsi.o)
                              out/printf-stdarg.o (__aeabi_d2iz)
/usr/lib/gcc/arm-none-eabi/10.3.1/thumb/v7e-m/nofp/libgcc.a(_arm_fixunsdfsi.o)
                              out/printf-stdarg.o (__aeabi_d2uiz)
/usr/lib/gcc/arm-none-eabi/10.3.1/thumb/v7e-m/nofp/libgcc.a(_aeabi_uldivmod.o)
                              out/printf-stdarg.o (__aeabi_uldivmod)
/usr/lib/gcc/arm-none-eabi/10.3.1/thumb/v7e-m/nofp/libgcc.a(_fixunsdfdi.o)
                              out/rtc-board.o (__aeabi_d2ulz)
/usr/lib/gcc/arm-none-eabi/10.3.1/thumb/v7e-m/nofp/libgcc.a(_udivmoddi4.o)
                              /usr/lib/gcc/arm-none-eabi/10.3.1/thumb/v7e-m/nofp/libgcc.a(_aeabi_uldivmod.o) (__udivmoddi4)
/usr/lib/gcc/arm-none-eabi/10.3.1/thumb/v7e-m/nofp/libgcc.a(_dvmd_tls.o)
                              /usr/lib/gcc/arm-none-eabi/10.3.1/thumb/v7e-m/nofp/libgcc.a(_aeabi_uldivmod.o) (__aeabi_ldiv0)
/usr/lib/gcc/arm-none-eabi/10.3.1/../../../arm-none-eabi/lib/thumb/v7e-m/nofp/libc.a(lib_a-atexit.o)
                              /usr/lib/gcc/arm-none-eabi/10.3.1/../../../arm-none-eabi/lib/thumb/v7e-m/nofp/crt0.o (atexit)
/usr/lib/gcc/arm-none-eabi/10.3.1/../../../arm-none-eabi/lib/thumb/v7e-m/nofp/libc.a(lib_a-exit.o)
                              /usr/lib/gcc/arm-none-eabi/10.3.1/../../../arm-none-eabi/lib/thumb/v7e-m/nofp/crt0.o (exit)
/usr/lib/gcc/arm-none-eabi/10.3.1/../../../arm-none-eabi/lib/thumb/v7e-m/nofp/libc.a(lib_a-fini.o)
                              /usr/lib/gcc/arm-none-eabi/10.3.1/../../../arm-none-eabi/lib/thumb/v7e-m/nofp/crt0.o (__libc_fini_array)
/usr/lib/gcc/arm-none-eabi/10.3.1/../../../arm-none-eabi/lib/thumb/v7e-m/nofp/libc.a(lib_a-impure.o)
                              /usr/lib/gcc/arm-none-eabi/10.3.1/../../../arm-none-eabi/lib/thumb/v7e-m/nofp/libc.a(lib_a-exit.o) (_global_impure_ptr)
/usr/lib/gcc/arm-none-eabi/10.3.1/../../../arm-none-eabi/lib/thumb/v7e-m/nofp/libc.a(lib_a-init.o)
                              /usr/lib/gcc/arm-none-eabi/10.3.1/../../../arm-none-eabi/lib/thumb/v7e-m/nofp/crt0.o (__libc_init_array)
/usr/lib/gcc/arm-none-eabi/10.3.1/../../../arm-none-eabi/lib/thumb/v7e-m/nofp/libc.a(lib_a-memcpy.o)
                              out/pingpong.o (memcpy)
/usr/lib/gcc/arm-none-eabi/10.3.1/../../../arm-none-eabi/lib/thumb/v7e-m/nofp/libc.a(lib_a-memset.o)
                              /usr/lib/gcc/arm-none-eabi/10.3.1/../../../arm-none-eabi/lib/thumb/v7e-m/nofp/crt0.o (memset)
/usr/lib/gcc/arm-none-eabi/10.3.1/../../../arm-none-eabi/lib/thumb/v7e-m/nofp/libc.a(lib_a-__atexit.o)
                              /usr/lib/gcc/arm-none-eabi/10.3.1/../../../arm-none-eabi/lib/thumb/v7e-m/nofp/libc.a(lib_a-atexit.o) (__register_exitproc)
/usr/lib/gcc/arm-none-eabi/10.3.1/../../../arm-none-eabi/lib/thumb/v7e-m/nofp/libc.a(lib_a-__call_atexit.o)
                              /usr/lib/gcc/arm-none-eabi/10.3.1/../../../arm-none-eabi/lib/thumb/v7e-m/nofp/libc.a(lib_a-exit.o) (__call_exitprocs)
/usr/lib/gcc/arm-none-eabi/10.3.1/../../../arm-none-eabi/lib/thumb/v7e-m/nofp/libm.a(lib_a-s_ceil.o)
                              out/radio.o (ceil)
/usr/lib/gcc/arm-none-eabi/10.3.1/../../../arm-none-eabi/lib/thumb/v7e-m/nofp/libm.a(lib_a-s_floor.o)
                              out/radio.o (floor)
/usr/lib/gcc/arm-none-eabi/10.3.1/../../../arm-none-eabi/lib/thumb/v7e-m/nofp/libm.a(lib_a-s_rint.o)
                              out/radio.o (rint)
/usr/lib/gcc/arm-none-eabi/10.3.1/../../../arm-none-eabi/lib/thumb/v7e-m/nofp/libm.a(lib_a-s_round.o)
                              out/rtc-board.o (round)

Discarded input sections

 .text          0x0000000000000000        0x0 /usr/lib/gcc/arm-none-eabi/10.3.1/thumb/v7e-m/nofp/crti.o
 .data          0x0000000000000000        0x0 /usr/lib/gcc/arm-none-eabi/10.3.1/thumb/v7e-m/nofp/crti.o
 .bss           0x0000000000000000        0x0 /usr/lib/gcc/arm-none-eabi/10.3.1/thumb/v7e-m/nofp/crti.o
 .data          0x0000000000000000        0x4 /usr/lib/gcc/arm-none-eabi/10.3.1/thumb/v7e-m/nofp/crtbegin.o
 .rodata        0x0000000000000000       0x24 /usr/lib/gcc/arm-none-eabi/10.3.1/thumb/v7e-m/nofp/crtbegin.o
[...]
Memory Configuration

Name             Origin             Length             Attributes
FLASH            0x0000000008000000 0x0000000000020000 xr
RAM              0x0000000020000000 0x0000000000004000 xrw
*default*        0x0000000000000000 0xffffffffffffffff

Linker script and memory map

LOAD /usr/lib/gcc/arm-none-eabi/10.3.1/thumb/v7e-m/nofp/crti.o
LOAD /usr/lib/gcc/arm-none-eabi/10.3.1/thumb/v7e-m/nofp/crtbegin.o
LOAD /usr/lib/gcc/arm-none-eabi/10.3.1/../../../arm-none-eabi/lib/thumb/v7e-m/nofp/crt0.o
LOAD out/main.o
LOAD out/pingpong.o
LOAD out/tremo_it.o
LOAD out/printf-stdarg.o
LOAD out/system_cm4.o
LOAD out/tremo_adc.o
LOAD out/tremo_bstimer.o
LOAD out/tremo_crc.o
LOAD out/tremo_dac.o
LOAD out/tremo_delay.o
LOAD out/tremo_dma.o
LOAD out/tremo_flash.o
LOAD out/tremo_gpio.o
LOAD out/tremo_i2c.o
LOAD out/tremo_i2s.o
LOAD out/tremo_iwdg.o
LOAD out/tremo_lcd.o
LOAD out/tremo_lptimer.o
LOAD out/tremo_lpuart.o
LOAD out/tremo_pwr.o
LOAD out/tremo_rcc.o
LOAD out/tremo_rtc.o
LOAD out/tremo_spi.o
LOAD out/tremo_system.o
LOAD out/tremo_timer.o
LOAD out/tremo_uart.o
LOAD out/tremo_wdg.o
LOAD out/delay.o
LOAD out/timer.o
LOAD out/cmac.o
LOAD out/radio.o
LOAD out/sx126x.o
LOAD out/rtc-board.o
LOAD out/sx1262-board.o
LOAD out/utilities.o
LOAD out/startup_cm4.o
LOAD /home/aditya/ra-08h/Ai-Thinker-LoRaWAN-Ra-08/drivers/crypto/lib/libcrypto.a
START GROUP
LOAD /usr/lib/gcc/arm-none-eabi/10.3.1/thumb/v7e-m/nofp/libgcc.a
LOAD /usr/lib/gcc/arm-none-eabi/10.3.1/../../../arm-none-eabi/lib/thumb/v7e-m/nofp/libc.a
END GROUP
LOAD /usr/lib/gcc/arm-none-eabi/10.3.1/thumb/v7e-m/nofp/crtend.o
LOAD /usr/lib/gcc/arm-none-eabi/10.3.1/thumb/v7e-m/nofp/crtn.o
                0x0000000020004000                _estack = 0x20004000
                0x0000000000000000                _HEAP_SIZE = 0x0
                0x0000000000001000                _STACK_SIZE = 0x1000

.isr_vector     0x0000000008000000       0xd4
                0x0000000008000000                . = ALIGN (0x4)
 *(.isr_vector)
 .isr_vector    0x0000000008000000       0xd4 out/startup_cm4.o
                0x0000000008000000                g_pfnVectors
                0x00000000080000d4                . = ALIGN (0x4)

.text           0x00000000080000d8     0x4f68
                0x00000000080000d8                . = ALIGN (0x4)
 *(.text)
 .text          0x00000000080000d8       0x88 /usr/lib/gcc/arm-none-eabi/10.3.1/thumb/v7e-m/nofp/crtbegin.o
 .text          0x0000000008000160      0x378 /usr/lib/gcc/arm-none-eabi/10.3.1/thumb/v7e-m/nofp/libgcc.a(_arm_addsubdf3.o)
                0x0000000008000160                __aeabi_drsub
                0x0000000008000168                __aeabi_dsub
                0x0000000008000168                __subdf3
                0x000000000800016c                __adddf3
                0x000000000800016c                __aeabi_dadd
                0x00000000080003e4                __aeabi_ui2d
                0x00000000080003e4                __floatunsidf
                0x0000000008000404                __floatsidf
                0x0000000008000404                __aeabi_i2d
                0x0000000008000428                __extendsfdf2
                0x0000000008000428                __aeabi_f2d
                0x000000000800046c                __aeabi_ul2d
                0x000000000800046c                __floatundidf
                0x000000000800047c                __floatdidf
                0x000000000800047c                __aeabi_l2d
 .text          0x00000000080004d8      0x424 /usr/lib/gcc/arm-none-eabi/10.3.1/thumb/v7e-m/nofp/libgcc.a(_arm_muldivdf3.o)
                0x00000000080004d8                __aeabi_dmul
                0x00000000080004d8                __muldf3
                0x000000000800072c                __aeabi_ddiv
                0x000000000800072c                __divdf3
 .text          0x00000000080008fc      0x110 /usr/lib/gcc/arm-none-eabi/10.3.1/thumb/v7e-m/nofp/libgcc.a(_arm_cmpdf2.o)
                0x00000000080008fc                __gtdf2
                0x00000000080008fc                __gedf2
                0x0000000008000904                __ltdf2
                0x0000000008000904                __ledf2
                0x000000000800090c                __cmpdf2
                0x000000000800090c                __eqdf2
                0x000000000800090c                __nedf2
                0x0000000008000988                __aeabi_cdrcmple
                0x0000000008000998                __aeabi_cdcmple
                0x0000000008000998                __aeabi_cdcmpeq
                0x00000000080009a8                __aeabi_dcmpeq
                0x00000000080009bc                __aeabi_dcmplt
                0x00000000080009d0                __aeabi_dcmple
                0x00000000080009e4                __aeabi_dcmpge
                0x00000000080009f8                __aeabi_dcmpgt
 .text          0x0000000008000a0c       0x50 /usr/lib/gcc/arm-none-eabi/10.3.1/thumb/v7e-m/nofp/libgcc.a(_arm_fixdfsi.o)
                0x0000000008000a0c                __fixdfsi
                0x0000000008000a0c                __aeabi_d2iz
 .text          0x0000000008000a5c       0x40 /usr/lib/gcc/arm-none-eabi/10.3.1/thumb/v7e-m/nofp/libgcc.a(_arm_fixunsdfsi.o)
                0x0000000008000a5c                __fixunsdfsi
                0x0000000008000a5c                __aeabi_d2uiz
 .text          0x0000000008000a9c       0x30 /usr/lib/gcc/arm-none-eabi/10.3.1/thumb/v7e-m/nofp/libgcc.a(_aeabi_uldivmod.o)
                0x0000000008000a9c                __aeabi_uldivmod
 .text          0x0000000008000acc       0x3c /usr/lib/gcc/arm-none-eabi/10.3.1/thumb/v7e-m/nofp/libgcc.a(_fixunsdfdi.o)
                0x0000000008000acc                __aeabi_d2ulz
                0x0000000008000acc                __fixunsdfdi
 .text          0x0000000008000b08      0x2d0 /usr/lib/gcc/arm-none-eabi/10.3.1/thumb/v7e-m/nofp/libgcc.a(_udivmoddi4.o)
                0x0000000008000b08                __udivmoddi4
 .text          0x0000000008000dd8        0x4 /usr/lib/gcc/arm-none-eabi/10.3.1/thumb/v7e-m/nofp/libgcc.a(_dvmd_tls.o)
                0x0000000008000dd8                __aeabi_ldiv0
                0x0000000008000dd8                __aeabi_idiv0
 .text          0x0000000008000ddc        0xc /usr/lib/gcc/arm-none-eabi/10.3.1/../../../arm-none-eabi/lib/thumb/v7e-m/nofp/libc.a(lib_a-atexit.o)
                0x0000000008000ddc                atexit
 .text          0x0000000008000de8       0x2c /usr/lib/gcc/arm-none-eabi/10.3.1/../../../arm-none-eabi/lib/thumb/v7e-m/nofp/libc.a(lib_a-fini.o)
                0x0000000008000de8                __libc_fini_array
 .text          0x0000000008000e14       0x48 /usr/lib/gcc/arm-none-eabi/10.3.1/../../../arm-none-eabi/lib/thumb/v7e-m/nofp/libc.a(lib_a-init.o)
                0x0000000008000e14                __libc_init_array
 .text          0x0000000008000e5c      0x134 /usr/lib/gcc/arm-none-eabi/10.3.1/../../../arm-none-eabi/lib/thumb/v7e-m/nofp/libc.a(lib_a-memcpy.o)
                0x0000000008000e5c                memcpy
 .text          0x0000000008000f90       0xa4 /usr/lib/gcc/arm-none-eabi/10.3.1/../../../arm-none-eabi/lib/thumb/v7e-m/nofp/libc.a(lib_a-memset.o)
                0x0000000008000f90                memset
 .text          0x0000000008001034       0x68 /usr/lib/gcc/arm-none-eabi/10.3.1/../../../arm-none-eabi/lib/thumb/v7e-m/nofp/libc.a(lib_a-__atexit.o)
                0x0000000008001034                __register_exitproc
 *fill*         0x000000000800109c        0x4 
 .text          0x00000000080010a0       0xf8 /usr/lib/gcc/arm-none-eabi/10.3.1/../../../arm-none-eabi/lib/thumb/v7e-m/nofp/libm.a(lib_a-s_ceil.o)
                0x00000000080010a0                ceil
 .text          0x0000000008001198       0xf8 /usr/lib/gcc/arm-none-eabi/10.3.1/../../../arm-none-eabi/lib/thumb/v7e-m/nofp/libm.a(lib_a-s_floor.o)
                0x0000000008001198                floor
 .text          0x0000000008001290      0x138 /usr/lib/gcc/arm-none-eabi/10.3.1/../../../arm-none-eabi/lib/thumb/v7e-m/nofp/libm.a(lib_a-s_rint.o)
                0x0000000008001290                rint
 .text          0x00000000080013c8       0x94 /usr/lib/gcc/arm-none-eabi/10.3.1/../../../arm-none-eabi/lib/thumb/v7e-m/nofp/libm.a(lib_a-s_round.o)
                0x00000000080013c8                round
 *(.text*)
 .text.uart_log_init
                0x000000000800145c       0x40 out/main.o
                0x000000000800145c                uart_log_init
 .text.board_init
                0x000000000800149c       0x6a out/main.o
                0x000000000800149c                board_init
 .text.startup.main
                0x0000000008001506        0xe out/main.o
                0x0000000008001506                main
 .text.OnRxTimeout
                0x0000000008001514       0x20 out/pingpong.o
                0x0000000008001514                OnRxTimeout
 .text.OnRxError
                0x0000000008001534       0x20 out/pingpong.o
                0x0000000008001534                OnRxError
 .text.validate_frame
                0x0000000008001554       0x34 out/pingpong.o
                0x0000000008001554                validate_frame
 .text.sqrt     0x0000000008001588       0xb8 out/pingpong.o
                0x0000000008001588                sqrt
 .text.processing_data
                0x0000000008001640      0x154 out/pingpong.o
                0x0000000008001640                processing_data
 .text.PrintReceivedBuffer
                0x0000000008001794       0x3c out/pingpong.o
                0x0000000008001794                PrintReceivedBuffer
 .text.OnRxDone
                0x00000000080017d0       0x34 out/pingpong.o
                0x00000000080017d0                OnRxDone
 .text.app_start
                0x0000000008001804       0x80 out/pingpong.o
                0x0000000008001804                app_start
 .text.NMI_Handler
                0x0000000008001884        0x2 out/tremo_it.o
                0x0000000008001884                NMI_Handler
 .text.HardFault_Handler
                0x0000000008001886        0x2 out/tremo_it.o
                0x0000000008001886                HardFault_Handler
 .text.MemManage_Handler
                0x0000000008001888        0x2 out/tremo_it.o
                0x0000000008001888                MemManage_Handler
 .text.BusFault_Handler
                0x000000000800188a        0x2 out/tremo_it.o
                0x000000000800188a                BusFault_Handler
 .text.UsageFault_Handler
                0x000000000800188c        0x2 out/tremo_it.o
                0x000000000800188c                UsageFault_Handler
 .text.SVC_Handler
                0x000000000800188e        0x2 out/tremo_it.o
                0x000000000800188e                SVC_Handler
 .text.PendSV_Handler
                0x0000000008001890        0x2 out/tremo_it.o
                0x0000000008001890                PendSV_Handler
 .text.SysTick_Handler
                0x0000000008001892        0x2 out/tremo_it.o
                0x0000000008001892                SysTick_Handler
 .text.PWR_IRQHandler
                0x0000000008001894        0x2 out/tremo_it.o
                0x0000000008001894                PWR_IRQHandler
 .text.LORA_IRQHandler
                0x0000000008001896        0x4 out/tremo_it.o
                0x0000000008001896                LORA_IRQHandler
 .text.RTC_IRQHandler
                0x000000000800189a        0x4 out/tremo_it.o
                0x000000000800189a                RTC_IRQHandler
 .text._out_null
                0x000000000800189e        0x2 out/printf-stdarg.o
 .text._out_rev
                0x00000000080018a0       0x86 out/printf-stdarg.o
 .text._ntoa_format
                0x0000000008001926      0x10a out/printf-stdarg.o
 .text._ntoa_long
                0x0000000008001a30       0x84 out/printf-stdarg.o
 .text._ntoa_long_long
                0x0000000008001ab4       0xb6 out/printf-stdarg.o
 *fill*         0x0000000008001b6a        0x6 
 .text._etoa    0x0000000008001b70      0x394 out/printf-stdarg.o
 *fill*         0x0000000008001f04        0x4 
 .text._ftoa    0x0000000008001f08      0x358 out/printf-stdarg.o
 .text._out_char
                0x0000000008002260       0x10 out/printf-stdarg.o
 .text._vsnprintf
                0x0000000008002270      0x548 out/printf-stdarg.o
 .text.__wrap_printf
                0x00000000080027b8       0x28 out/printf-stdarg.o
                0x00000000080027b8                __wrap_printf
 .text.nvic_init
                0x00000000080027e0       0x24 out/system_cm4.o
                0x00000000080027e0                nvic_init
 .text.system_init
                0x0000000008002804       0x44 out/system_cm4.o
                0x0000000008002804                system_init
 .text.delay_init
                0x0000000008002848       0x48 out/tremo_delay.o
                0x0000000008002848                delay_init
 .text.delay_us
                0x0000000008002890       0x30 out/tremo_delay.o
                0x0000000008002890                delay_us
 .text.delay_ms
                0x00000000080028c0        0xa out/tremo_delay.o
                0x00000000080028c0                delay_ms
 *fill*         0x00000000080028ca        0x2 
 .text.gpio_init
                0x00000000080028cc      0x124 out/tremo_gpio.o
                0x00000000080028cc                gpio_init
 .text.gpio_set_iomux
                0x00000000080029f0       0x44 out/tremo_gpio.o
                0x00000000080029f0                gpio_set_iomux
 .text.pwr_xo32k_lpm_cmd
                0x0000000008002a34       0x18 out/tremo_pwr.o
                0x0000000008002a34                pwr_xo32k_lpm_cmd
 .text.rcc_get_clk_freq
                0x0000000008002a4c       0x9c out/tremo_rcc.o
                0x0000000008002a4c                rcc_get_clk_freq
 .text.rcc_get_uart0_clk_source
                0x0000000008002ae8        0xc out/tremo_rcc.o
                0x0000000008002ae8                rcc_get_uart0_clk_source
 .text.rcc_get_uart1_clk_source
                0x0000000008002af4        0xc out/tremo_rcc.o
                0x0000000008002af4                rcc_get_uart1_clk_source
 .text.rcc_get_uart2_clk_source
                0x0000000008002b00        0xc out/tremo_rcc.o
                0x0000000008002b00                rcc_get_uart2_clk_source
 .text.rcc_get_uart3_clk_source
                0x0000000008002b0c        0xc out/tremo_rcc.o
                0x0000000008002b0c                rcc_get_uart3_clk_source
 .text.rcc_get_rtc_clk_source
                0x0000000008002b18        0xc out/tremo_rcc.o
                0x0000000008002b18                rcc_get_rtc_clk_source
 .text.rcc_enable_peripheral_clk
                0x0000000008002b24      0x4b4 out/tremo_rcc.o
                0x0000000008002b24                rcc_enable_peripheral_clk
 .text.rcc_enable_oscillator
                0x0000000008002fd8       0xfc out/tremo_rcc.o
                0x0000000008002fd8                rcc_enable_oscillator
 .text.rcc_rst_peripheral
                0x00000000080030d4       0x4a out/tremo_rcc.o
                0x00000000080030d4                rcc_rst_peripheral
 .text.rtc_deinit
                0x000000000800311e       0x1e out/tremo_rtc.o
                0x000000000800311e                rtc_deinit
 .text.rtc_check_syn
                0x000000000800313c       0x14 out/tremo_rtc.o
                0x000000000800313c                rtc_check_syn
 .text.rtc_calendar_cmd
                0x0000000008003150       0x20 out/tremo_rtc.o
                0x0000000008003150                rtc_calendar_cmd
 .text.rtc_cyc_cmd
                0x0000000008003170       0x20 out/tremo_rtc.o
                0x0000000008003170                rtc_cyc_cmd
 .text.rtc_config_cyc_wakeup
                0x0000000008003190       0x24 out/tremo_rtc.o
                0x0000000008003190                rtc_config_cyc_wakeup
 .text.rtc_get_calendar
                0x00000000080031b4       0xdc out/tremo_rtc.o
                0x00000000080031b4                rtc_get_calendar
 .text.rtc_set_status
                0x0000000008003290       0x30 out/tremo_rtc.o
                0x0000000008003290                rtc_set_status
 .text.rtc_get_status
                0x00000000080032c0       0x38 out/tremo_rtc.o
                0x00000000080032c0                rtc_get_status
 .text.rtc_config_interrupt
                0x00000000080032f8       0x38 out/tremo_rtc.o
                0x00000000080032f8                rtc_config_interrupt
 .text.rtc_config_cyc_max
                0x0000000008003330       0x14 out/tremo_rtc.o
                0x0000000008003330                rtc_config_cyc_max
 .text.uart_send_data
                0x0000000008003344        0xa out/tremo_uart.o
                0x0000000008003344                uart_send_data
 .text.uart_config_init
                0x000000000800334e       0x16 out/tremo_uart.o
                0x000000000800334e                uart_config_init
 .text.uart_cmd
                0x0000000008003364       0x12 out/tremo_uart.o
                0x0000000008003364                uart_cmd
 *fill*         0x0000000008003376        0x2 
 .text.uart_init
                0x0000000008003378      0x140 out/tremo_uart.o
                0x0000000008003378                uart_init
 .text.DelayMs  0x00000000080034b8        0x4 out/delay.o
                0x00000000080034b8                DelayMs
 .text.TimeStampsUpdate
                0x00000000080034bc       0x2c out/timer.o
 .text.TimerInsertNewHeadTimer
                0x00000000080034e8       0x1c out/timer.o
 .text.TimerInit
                0x0000000008003504        0xe out/timer.o
                0x0000000008003504                TimerInit
 *fill*         0x0000000008003512        0x2 
 .text.TimerStart
                0x0000000008003514       0x78 out/timer.o
                0x0000000008003514                TimerStart
 .text.TimerIrqHandler
                0x000000000800358c       0x68 out/timer.o
                0x000000000800358c                TimerIrqHandler
 .text.TimerStop
                0x00000000080035f4       0x60 out/timer.o
                0x00000000080035f4                TimerStop
 .text.TimerSetValue
                0x0000000008003654       0x10 out/timer.o
                0x0000000008003654                TimerSetValue
 .text.TimerGetCurrentTime
                0x0000000008003664       0x18 out/timer.o
                0x0000000008003664                TimerGetCurrentTime
 .text.TimerGetElapsedTime
                0x000000000800367c       0x12 out/timer.o
                0x000000000800367c                TimerGetElapsedTime
 .text.RadioCheckRfFrequency
                0x000000000800368e        0x4 out/radio.o
                0x000000000800368e                RadioCheckRfFrequency
 *fill*         0x0000000008003692        0x2 
 .text.RadioOnTxTimeoutIrq
                0x0000000008003694       0x14 out/radio.o
                0x0000000008003694                RadioOnTxTimeoutIrq
 .text.RadioOnRxTimeoutIrq
                0x00000000080036a8       0x14 out/radio.o
                0x00000000080036a8                RadioOnRxTimeoutIrq
 .text.RadioStandby
                0x00000000080036bc        0x6 out/radio.o
                0x00000000080036bc                RadioStandby
 *fill*         0x00000000080036c2        0x2 
 .text.RadioInit
                0x00000000080036c4       0x6c out/radio.o
                0x00000000080036c4                RadioInit
 .text.RadioGetStatus
                0x0000000008003730       0x18 out/radio.o
                0x0000000008003730                RadioGetStatus
 .text.RadioSetChannel
                0x0000000008003748        0x4 out/radio.o
                0x0000000008003748                RadioSetChannel
 .text.RadioRssi
                0x000000000800374c        0xa out/radio.o
                0x000000000800374c                RadioRssi
 .text.RadioRead
                0x0000000008003756        0x4 out/radio.o
                0x0000000008003756                RadioRead
 .text.RadioWrite
                0x000000000800375a        0x4 out/radio.o
                0x000000000800375a                RadioWrite
 *fill*         0x000000000800375e        0x2 
 .text.RadioSend
                0x0000000008003760       0x58 out/radio.o
                0x0000000008003760                RadioSend
 .text.RadioSleep
                0x00000000080037b8       0x14 out/radio.o
                0x00000000080037b8                RadioSleep
 .text.RadioSetRxDutyCycle
                0x00000000080037cc        0x4 out/radio.o
                0x00000000080037cc                RadioSetRxDutyCycle
 .text.RadioStartCad
                0x00000000080037d0       0x6c out/radio.o
                0x00000000080037d0                RadioStartCad
 .text.RadioSetTxContinuousWave
                0x000000000800383c       0x4c out/radio.o
                0x000000000800383c                RadioSetTxContinuousWave
 .text.RadioWriteBuffer
                0x0000000008003888        0x4 out/radio.o
                0x0000000008003888                RadioWriteBuffer
 .text.RadioReadBuffer
                0x000000000800388c        0x4 out/radio.o
                0x000000000800388c                RadioReadBuffer
 .text.RadioGetWakeupTime
                0x0000000008003890        0xa out/radio.o
                0x0000000008003890                RadioGetWakeupTime
 *fill*         0x000000000800389a        0x2 
 .text.RadioOnCadTimeoutIrq
                0x000000000800389c       0x20 out/radio.o
                0x000000000800389c                RadioOnCadTimeoutIrq
 .text.RadioGetFskBandwidthRegValue
                0x00000000080038bc       0x34 out/radio.o
 .text.RadioSetMaxPayloadLength
                0x00000000080038f0       0x30 out/radio.o
                0x00000000080038f0                RadioSetMaxPayloadLength
 .text.RadioRx  0x0000000008003920       0x48 out/radio.o
                0x0000000008003920                RadioRx
 .text.RadioRxBoosted
                0x0000000008003968       0x44 out/radio.o
                0x0000000008003968                RadioRxBoosted
 .text.RadioIrqProcess
                0x00000000080039ac      0x178 out/radio.o
                0x00000000080039ac                RadioIrqProcess
 .text.RadioSetPublicNetwork
                0x0000000008003b24       0x40 out/radio.o
                0x0000000008003b24                RadioSetPublicNetwork
 .text.RadioSetModem.part.0
                0x0000000008003b64       0x28 out/radio.o
 .text.RadioSetModem
                0x0000000008003b8c       0x24 out/radio.o
                0x0000000008003b8c                RadioSetModem
 .text.RadioIsChannelFree
                0x0000000008003bb0       0x4c out/radio.o
                0x0000000008003bb0                RadioIsChannelFree
 .text.RadioRandom
                0x0000000008003bfc       0x3c out/radio.o
                0x0000000008003bfc                RadioRandom
 .text.RadioSymbTime
                0x0000000008003c38       0x2c out/radio.o
                0x0000000008003c38                RadioSymbTime
 *fill*         0x0000000008003c64        0x4 
 .text.RadioSetRxConfig
                0x0000000008003c68      0x228 out/radio.o
                0x0000000008003c68                RadioSetRxConfig
 .text.RadioSetTxConfig
                0x0000000008003e90      0x1ac out/radio.o
                0x0000000008003e90                RadioSetTxConfig
 *fill*         0x000000000800403c        0x4 
 .text.RadioTimeOnAir
                0x0000000008004040      0x198 out/radio.o
                0x0000000008004040                RadioTimeOnAir
 .text.RadioOnDioIrq
                0x00000000080041d8       0x24 out/radio.o
                0x00000000080041d8                RadioOnDioIrq
 .text.SX126xGetOperatingMode
                0x00000000080041fc        0xc out/sx126x.o
                0x00000000080041fc                SX126xGetOperatingMode
 .text.SX126xSetOperatingMode
                0x0000000008004208        0xc out/sx126x.o
                0x0000000008004208                SX126xSetOperatingMode
 .text.SX126xCheckDeviceReady
                0x0000000008004214       0x38 out/sx126x.o
                0x0000000008004214                SX126xCheckDeviceReady
 .text.SX126xSetPayload
                0x000000000800424c        0xa out/sx126x.o
                0x000000000800424c                SX126xSetPayload
 .text.SX126xSetSyncWord
                0x0000000008004256       0x12 out/sx126x.o
                0x0000000008004256                SX126xSetSyncWord
 .text.SX126xSetCrcSeed
                0x0000000008004268       0x28 out/sx126x.o
                0x0000000008004268                SX126xSetCrcSeed
 .text.SX126xSetCrcPolynomial
                0x0000000008004290       0x28 out/sx126x.o
                0x0000000008004290                SX126xSetCrcPolynomial
 .text.SX126xSetWhiteningSeed
                0x00000000080042b8       0x38 out/sx126x.o
                0x00000000080042b8                SX126xSetWhiteningSeed
 .text.SX126xSetSleep
                0x00000000080042f0       0x24 out/sx126x.o
                0x00000000080042f0                SX126xSetSleep
 .text.SX126xSetStandby
                0x0000000008004314       0x2c out/sx126x.o
                0x0000000008004314                SX126xSetStandby
 .text.SX126xSetTx
                0x0000000008004340       0x2c out/sx126x.o
                0x0000000008004340                SX126xSetTx
 .text.SX126xSendPayload
                0x000000000800436c       0x12 out/sx126x.o
                0x000000000800436c                SX126xSendPayload
 *fill*         0x000000000800437e        0x2 
 .text.SX126xSetRx
                0x0000000008004380       0x2c out/sx126x.o
                0x0000000008004380                SX126xSetRx
 .text.SX126xSetRxBoosted
                0x00000000080043ac       0x38 out/sx126x.o
                0x00000000080043ac                SX126xSetRxBoosted
 .text.SX126xSetRxDutyCycle
                0x00000000080043e4       0x3c out/sx126x.o
                0x00000000080043e4                SX126xSetRxDutyCycle
 .text.SX126xSetCad
                0x0000000008004420       0x18 out/sx126x.o
                0x0000000008004420                SX126xSetCad
 .text.SX126xSetTxContinuousWave
                0x0000000008004438        0xa out/sx126x.o
                0x0000000008004438                SX126xSetTxContinuousWave
 .text.SX126xSetStopRxTimerOnPreambleDetect
                0x0000000008004442       0x18 out/sx126x.o
                0x0000000008004442                SX126xSetStopRxTimerOnPreambleDetect
 .text.SX126xSetLoRaSymbNumTimeout
                0x000000000800445a       0x18 out/sx126x.o
                0x000000000800445a                SX126xSetLoRaSymbNumTimeout
 .text.SX126xSetRegulatorMode
                0x0000000008004472       0x18 out/sx126x.o
                0x0000000008004472                SX126xSetRegulatorMode
 *fill*         0x000000000800448a        0x2 
 .text.SX126xCalibrateImage
                0x000000000800448c       0x78 out/sx126x.o
                0x000000000800448c                SX126xCalibrateImage
 .text.SX126xSetPaConfig
                0x0000000008004504       0x24 out/sx126x.o
                0x0000000008004504                SX126xSetPaConfig
 .text.SX126xSetDioIrqParams
                0x0000000008004528       0x38 out/sx126x.o
                0x0000000008004528                SX126xSetDioIrqParams
 .text.SX126xGetIrqStatus
                0x0000000008004560       0x1a out/sx126x.o
                0x0000000008004560                SX126xGetIrqStatus
 .text.SX126xSetDio2AsRfSwitchCtrl
                0x000000000800457a       0x18 out/sx126x.o
                0x000000000800457a                SX126xSetDio2AsRfSwitchCtrl
 *fill*         0x0000000008004592        0x2 
 .text.SX126xInit
                0x0000000008004594       0x28 out/sx126x.o
                0x0000000008004594                SX126xInit
 *fill*         0x00000000080045bc        0x4 
 .text.SX126xSetRfFrequency
                0x00000000080045c0       0x5c out/sx126x.o
                0x00000000080045c0                SX126xSetRfFrequency
 .text.SX126xSetPacketType
                0x000000000800461c       0x20 out/sx126x.o
                0x000000000800461c                SX126xSetPacketType
 .text.SX126xGetPacketType
                0x000000000800463c        0xc out/sx126x.o
                0x000000000800463c                SX126xGetPacketType
 .text.SX126xSetTxParams
                0x0000000008004648       0xbc out/sx126x.o
                0x0000000008004648                SX126xSetTxParams
 *fill*         0x0000000008004704        0x4 
 .text.SX126xSetModulationParams
                0x0000000008004708       0xcc out/sx126x.o
                0x0000000008004708                SX126xSetModulationParams
 .text.SX126xSetPacketParams
                0x00000000080047d4       0xcc out/sx126x.o
                0x00000000080047d4                SX126xSetPacketParams
 .text.SX126xSetCadParams
                0x00000000080048a0       0x3c out/sx126x.o
                0x00000000080048a0                SX126xSetCadParams
 .text.SX126xSetBufferBaseAddress
                0x00000000080048dc       0x1a out/sx126x.o
                0x00000000080048dc                SX126xSetBufferBaseAddress
 .text.SX126xGetRssiInst
                0x00000000080048f6       0x1a out/sx126x.o
                0x00000000080048f6                SX126xGetRssiInst
 .text.SX126xGetRxBufferStatus
                0x0000000008004910       0x48 out/sx126x.o
                0x0000000008004910                SX126xGetRxBufferStatus
 .text.SX126xGetPayload
                0x0000000008004958       0x32 out/sx126x.o
                0x0000000008004958                SX126xGetPayload
 *fill*         0x000000000800498a        0x2 
 .text.SX126xGetPacketStatus
                0x000000000800498c       0x80 out/sx126x.o
                0x000000000800498c                SX126xGetPacketStatus
 .text.SX126xClearIrqStatus
                0x0000000008004a0c       0x1c out/sx126x.o
                0x0000000008004a0c                SX126xClearIrqStatus
 .text.RtcInit  0x0000000008004a28       0x30 out/rtc-board.o
                0x0000000008004a28                RtcInit
 .text.RtcSetTimeout
                0x0000000008004a58       0x8c out/rtc-board.o
                0x0000000008004a58                RtcSetTimeout
 .text.RtcStopTimeout
                0x0000000008004ae4       0x14 out/rtc-board.o
                0x0000000008004ae4                RtcStopTimeout
 .text.RtcGetTimerContext
                0x0000000008004af8        0xc out/rtc-board.o
                0x0000000008004af8                RtcGetTimerContext
 .text.RtcGetTimerValue
                0x0000000008004b04      0x10c out/rtc-board.o
                0x0000000008004b04                RtcGetTimerValue
 .text.RtcSetTimerContext
                0x0000000008004c10       0x18 out/rtc-board.o
                0x0000000008004c10                RtcSetTimerContext
 .text.RtcGetElapsedTime
                0x0000000008004c28       0x18 out/rtc-board.o
                0x0000000008004c28                RtcGetElapsedTime
 .text.RtcOnIrq
                0x0000000008004c40       0x32 out/rtc-board.o
                0x0000000008004c40                RtcOnIrq
 .text.BoardDisableIrq
                0x0000000008004c72        0x4 out/sx1262-board.o
                0x0000000008004c72                BoardDisableIrq
 .text.BoardEnableIrq
                0x0000000008004c76        0x4 out/sx1262-board.o
                0x0000000008004c76                BoardEnableIrq
 *fill*         0x0000000008004c7a        0x2 
 .text.SpiInOut
                0x0000000008004c7c       0x18 out/sx1262-board.o
                0x0000000008004c7c                SpiInOut
 .text.SX126xLoracInit
                0x0000000008004c94       0x5c out/sx1262-board.o
                0x0000000008004c94                SX126xLoracInit
 .text.SX126xGetBoardTcxoWakeupTime
                0x0000000008004cf0        0x4 out/sx1262-board.o
                0x0000000008004cf0                SX126xGetBoardTcxoWakeupTime
 .text.SX126xReset
                0x0000000008004cf4       0x54 out/sx1262-board.o
                0x0000000008004cf4                SX126xReset
 .text.SX126xWaitOnBusy
                0x0000000008004d48       0x18 out/sx1262-board.o
                0x0000000008004d48                SX126xWaitOnBusy
 .text.SX126xWakeup
                0x0000000008004d60       0x30 out/sx1262-board.o
                0x0000000008004d60                SX126xWakeup
 .text.SX126xWriteCommand
                0x0000000008004d90       0x44 out/sx1262-board.o
                0x0000000008004d90                SX126xWriteCommand
 .text.SX126xReadCommand
                0x0000000008004dd4       0x48 out/sx1262-board.o
                0x0000000008004dd4                SX126xReadCommand
 .text.SX126xWriteRegisters
                0x0000000008004e1c       0x48 out/sx1262-board.o
                0x0000000008004e1c                SX126xWriteRegisters
 .text.SX126xWriteRegister
                0x0000000008004e64       0x16 out/sx1262-board.o
                0x0000000008004e64                SX126xWriteRegister
 *fill*         0x0000000008004e7a        0x2 
 .text.SX126xReadRegisters
                0x0000000008004e7c       0x50 out/sx1262-board.o
                0x0000000008004e7c                SX126xReadRegisters
 .text.SX126xReadRegister
                0x0000000008004ecc       0x16 out/sx1262-board.o
                0x0000000008004ecc                SX126xReadRegister
 *fill*         0x0000000008004ee2        0x2 
 .text.SX126xWriteBuffer
                0x0000000008004ee4       0x44 out/sx1262-board.o
                0x0000000008004ee4                SX126xWriteBuffer
 .text.SX126xReadBuffer
                0x0000000008004f28       0x4c out/sx1262-board.o
                0x0000000008004f28                SX126xReadBuffer
 .text.SX126xSetRfTxPower
                0x0000000008004f74        0x6 out/sx1262-board.o
                0x0000000008004f74                SX126xSetRfTxPower
 .text.SX126xGetPaSelect
                0x0000000008004f7a        0x4 out/sx1262-board.o
                0x0000000008004f7a                SX126xGetPaSelect
 *fill*         0x0000000008004f7e        0x2 
 .text.SX126xAntSwOn
                0x0000000008004f80       0x10 out/sx1262-board.o
                0x0000000008004f80                SX126xAntSwOn
 .text.SX126xAntSwOff
                0x0000000008004f90       0x10 out/sx1262-board.o
                0x0000000008004f90                SX126xAntSwOff
 .text.rand1    0x0000000008004fa0       0x28 out/utilities.o
                0x0000000008004fa0                rand1
 .text.Reset_Handler
                0x0000000008004fc8       0x48 out/startup_cm4.o
                0x0000000008004fc8                Reset_Handler
 .text.Default_Handler
                0x0000000008005010        0x2 out/startup_cm4.o
                0x0000000008005010                GPIO_IRQHandler
                0x0000000008005010                SCC_IRQHandler
                0x0000000008005010                TIMER2_IRQHandler
                0x0000000008005010                EFC_IRQHandler
                0x0000000008005010                I2C0_IRQHandler
                0x0000000008005010                SAC_IRQHandler
                0x0000000008005010                I2C1_IRQHandler
                0x0000000008005010                UART1_IRQHandler
                0x0000000008005010                BSTIMER0_IRQHandler
                0x0000000008005010                TIMER3_IRQHandler
                0x0000000008005010                UART0_IRQHandler
                0x0000000008005010                SEC_IRQHandler
                0x0000000008005010                WDG_IRQHandler
                0x0000000008005010                LPTIMER1_IRQHandler
                0x0000000008005010                LPTIMER0_IRQHandler
                0x0000000008005010                SSP0_IRQHandler
                0x0000000008005010                I2S_IRQHandler
                0x0000000008005010                I2C2_IRQHandler
                0x0000000008005010                TIMER0_IRQHandler
                0x0000000008005010                LCD_IRQHandler
                0x0000000008005010                LPUART_IRQHandler
                0x0000000008005010                TIMER1_IRQHandler
                0x0000000008005010                UART2_IRQHandler
                0x0000000008005010                Default_Handler
                0x0000000008005010                ADC_IRQHandler
                0x0000000008005010                SSP1_IRQHandler
                0x0000000008005010                DMA0_IRQHandler
                0x0000000008005010                IWDG_IRQHandler
                0x0000000008005010                SSP2_IRQHandler
                0x0000000008005010                BSTIMER1_IRQHandler
                0x0000000008005010                DAC_IRQHandler
                0x0000000008005010                AFEC_IRQHandler
                0x0000000008005010                UART3_IRQHandler
                0x0000000008005010                QSPI_IRQHandler
                0x0000000008005010                DMA1_IRQHandler
 *fill*         0x0000000008005012        0x2 
 .text.startup  0x0000000008005014       0x14 /usr/lib/gcc/arm-none-eabi/10.3.1/../../../arm-none-eabi/lib/thumb/v7e-m/nofp/libc.a(lib_a-__call_atexit.o)
 *(.glue_7)
 .glue_7        0x0000000008005028        0x0 linker stubs
 *(.glue_7t)
 .glue_7t       0x0000000008005028        0x0 linker stubs
 *(.eh_frame)
 .eh_frame      0x0000000008005028        0x0 /usr/lib/gcc/arm-none-eabi/10.3.1/thumb/v7e-m/nofp/crtbegin.o
 *(.init)
 .init          0x0000000008005028        0x4 /usr/lib/gcc/arm-none-eabi/10.3.1/thumb/v7e-m/nofp/crti.o
                0x0000000008005028                _init
 .init          0x000000000800502c        0x8 /usr/lib/gcc/arm-none-eabi/10.3.1/thumb/v7e-m/nofp/crtn.o
 *(.fini)
 .fini          0x0000000008005034        0x4 /usr/lib/gcc/arm-none-eabi/10.3.1/thumb/v7e-m/nofp/crti.o
                0x0000000008005034                _fini
 .fini          0x0000000008005038        0x8 /usr/lib/gcc/arm-none-eabi/10.3.1/thumb/v7e-m/nofp/crtn.o
                0x0000000008005040                . = ALIGN (0x4)
                0x0000000008005040                _etext = .

.vfp11_veneer   0x0000000008005040        0x0
 .vfp11_veneer  0x0000000008005040        0x0 linker stubs

.v4_bx          0x0000000008005040        0x0
 .v4_bx         0x0000000008005040        0x0 linker stubs

.iplt           0x0000000008005040        0x0
 .iplt          0x0000000008005040        0x0 /usr/lib/gcc/arm-none-eabi/10.3.1/thumb/v7e-m/nofp/crtbegin.o

.rodata         0x0000000008005040      0x37c
                0x0000000008005040                . = ALIGN (0x4)
 *(.rodata)
 .rodata        0x0000000008005040       0x50 out/printf-stdarg.o
 .rodata        0x0000000008005090        0xc out/tremo_uart.o
 *fill*         0x000000000800509c        0x4 
 .rodata        0x00000000080050a0      0x188 out/radio.o
                0x00000000080050a0                FskBandwidths
                0x00000000080051b0                Bandwidths
                0x00000000080051bc                Radio
 .rodata        0x0000000008005228       0x11 out/sx126x.o
 .rodata        0x0000000008005239       0x18 out/rtc-board.o
 *fill*         0x0000000008005251        0x3 
 .rodata        0x0000000008005254        0x4 /usr/lib/gcc/arm-none-eabi/10.3.1/../../../arm-none-eabi/lib/thumb/v7e-m/nofp/libc.a(lib_a-impure.o)
                0x0000000008005254                _global_impure_ptr
 .rodata        0x0000000008005258       0x10 /usr/lib/gcc/arm-none-eabi/10.3.1/../../../arm-none-eabi/lib/thumb/v7e-m/nofp/libm.a(lib_a-s_rint.o)
 *(.rodata*)
 .rodata.str1.1
                0x0000000008005268      0x138 out/pingpong.o
 .rodata.str1.1
                0x00000000080053a0       0x19 out/printf-stdarg.o
                0x00000000080053bc                . = ALIGN (0x4)
 *fill*         0x00000000080053b9        0x3 

.ARM.extab
 *(.ARM.extab* .gnu.linkonce.armextab.*)

.ARM            0x00000000080053bc        0x8
                0x00000000080053bc                __exidx_start = .
 *(.ARM.exidx*)
 .ARM.exidx     0x00000000080053bc        0x8 /usr/lib/gcc/arm-none-eabi/10.3.1/thumb/v7e-m/nofp/libgcc.a(_udivmoddi4.o)
                0x00000000080053c4                __exidx_end = .

.rel.dyn        0x00000000080053c4        0x0
 .rel.iplt      0x00000000080053c4        0x0 /usr/lib/gcc/arm-none-eabi/10.3.1/thumb/v7e-m/nofp/crtbegin.o

.preinit_array  0x00000000080053c4        0x0
                0x00000000080053c4                PROVIDE (__preinit_array_start = .)
 *(.preinit_array*)
                0x00000000080053c4                PROVIDE (__preinit_array_end = .)

.init_array     0x00000000080053c4        0x8
                0x00000000080053c4                PROVIDE (__init_array_start = .)
 *(SORT_BY_NAME(.init_array.*))
 .init_array.00000
                0x00000000080053c4        0x4 /usr/lib/gcc/arm-none-eabi/10.3.1/../../../arm-none-eabi/lib/thumb/v7e-m/nofp/libc.a(lib_a-__call_atexit.o)
 *(.init_array*)
 .init_array    0x00000000080053c8        0x4 /usr/lib/gcc/arm-none-eabi/10.3.1/thumb/v7e-m/nofp/crtbegin.o
                0x00000000080053cc                PROVIDE (__init_array_end = .)

.fini_array     0x00000000080053cc        0x4
                0x00000000080053cc                PROVIDE (__fini_array_start = .)
 *(SORT_BY_NAME(.fini_array.*))
 *(.fini_array*)
 .fini_array    0x00000000080053cc        0x4 /usr/lib/gcc/arm-none-eabi/10.3.1/thumb/v7e-m/nofp/crtbegin.o
                0x00000000080053d0                PROVIDE (__fini_array_end = .)
                0x00000000080053d0                _sidata = LOADADDR (.data)

.data           0x0000000020000000      0x438 load address 0x00000000080053d0
                0x0000000020000000                . = ALIGN (0x4)
                0x0000000020000000                _sdata = .
 *(.data)
 .data          0x0000000020000000        0x1 out/radio.o
                0x0000000020000000                MaxPayloadLength
 *fill*         0x0000000020000001        0x3 
 .data          0x0000000020000004        0x4 out/utilities.o
 .data          0x0000000020000008      0x430 /usr/lib/gcc/arm-none-eabi/10.3.1/../../../arm-none-eabi/lib/thumb/v7e-m/nofp/libc.a(lib_a-impure.o)
                0x0000000020000008                _impure_ptr
 *(.data*)
                0x0000000020000438                . = ALIGN (0x4)
                0x0000000020000438                _edata = .

.tm_clone_table
                0x0000000020000438        0x0 load address 0x0000000008005808
 .tm_clone_table
                0x0000000020000438        0x0 /usr/lib/gcc/arm-none-eabi/10.3.1/thumb/v7e-m/nofp/crtbegin.o
 .tm_clone_table
                0x0000000020000438        0x0 /usr/lib/gcc/arm-none-eabi/10.3.1/thumb/v7e-m/nofp/crtend.o

.igot.plt       0x0000000020000438        0x0 load address 0x0000000008005808
 .igot.plt      0x0000000020000438        0x0 /usr/lib/gcc/arm-none-eabi/10.3.1/thumb/v7e-m/nofp/crtbegin.o
                0x0000000020000438                . = ALIGN (0x4)

.bss            0x0000000020000438      0x248 load address 0x0000000008005808
                0x0000000020000438                _sbss = .
                0x0000000020000438                __bss_start__ = _sbss
 *(.bss)
 .bss           0x0000000020000438       0x1c /usr/lib/gcc/arm-none-eabi/10.3.1/thumb/v7e-m/nofp/crtbegin.o
 .bss           0x0000000020000454       0x3c out/pingpong.o
                0x0000000020000454                rx_buffer
 .bss           0x0000000020000490        0x1 out/tremo_delay.o
 *fill*         0x0000000020000491        0x7 
 .bss           0x0000000020000498       0x11 out/timer.o
                0x00000000200004a8                HasLoopedThroughMain
 *fill*         0x00000000200004a9        0x3 
 .bss           0x00000000200004ac      0x1a6 out/radio.o
                0x00000000200004b0                TxTimeoutTimer
                0x00000000200004c4                RxTimeoutTimer
                0x00000000200004d8                CadTimeoutTimer
                0x00000000200004ec                IrqFired
                0x00000000200004f0                SX126x
                0x000000002000052c                TxTimeout
                0x0000000020000530                RxContinuous
                0x0000000020000534                RxTimeout
                0x0000000020000538                irqRegs
                0x000000002000053a                RadioRxPayload
                0x000000002000063c                RadioPktStatus
 *fill*         0x0000000020000652        0x2 
 .bss           0x0000000020000654        0x8 out/sx126x.o
                0x0000000020000658                FrequencyError
 *fill*         0x000000002000065c        0x4 
 .bss           0x0000000020000660       0x1d out/rtc-board.o
                0x0000000020000664                RtcCalendarContext
                0x0000000020000670                RtcTimerContext
                0x0000000020000678                McuWakeUpTime
                0x000000002000067c                NonScheduledWakeUp
 .bss           0x000000002000067d        0x1 out/sx1262-board.o
                0x000000002000067d                gPaOptSetting
 *(.bss*)
 *(COMMON)
                0x0000000020000680                . = ALIGN (0x4)
 *fill*         0x000000002000067e        0x2 
                0x0000000020000680                _ebss = .
                0x0000000020000680                __bss_end__ = _ebss

.heap           0x0000000020000680        0x0 load address 0x0000000008005808
                0x0000000020000680                . = ALIGN (0x4)
                0x0000000020000680                _heap_bottom = .
                0x0000000020000680                end = _heap_bottom
                0x0000000020000680                _end = end
                0x0000000020000680                __end = end
                0x0000000020000680                . = (. + _HEAP_SIZE)
                0x0000000020000680                _heap_top = .

.stack          0x0000000020000680     0x1000 load address 0x0000000008005808
                0x0000000020000680                . = ALIGN (0x4)
                0x0000000020000680                _stack_bottom = .
                0x0000000020001680                . = (. + _STACK_SIZE)
 *fill*         0x0000000020000680     0x1000 
                0x0000000020001680                _stack_top = .

/DISCARD/
 libc.a(*)
 libm.a(*)
 libgcc.a(*)

.ARM.attributes
                0x0000000000000000       0x2e
 *(.ARM.attributes)
 .ARM.attributes
                0x0000000000000000       0x1e /usr/lib/gcc/arm-none-eabi/10.3.1/thumb/v7e-m/nofp/crti.o
 .ARM.attributes
                0x000000000000001e       0x2e /usr/lib/gcc/arm-none-eabi/10.3.1/thumb/v7e-m/nofp/crtbegin.o
 .ARM.attributes
                0x000000000000004c       0x32 out/main.o
 .ARM.attributes
                0x000000000000007e       0x32 out/pingpong.o
 .ARM.attributes
                0x00000000000000b0       0x32 out/tremo_it.o
 .ARM.attributes
                0x00000000000000e2       0x32 out/printf-stdarg.o
 .ARM.attributes
                0x0000000000000114       0x32 out/system_cm4.o
 .ARM.attributes
                0x0000000000000146       0x32 out/tremo_delay.o
 .ARM.attributes
                0x0000000000000178       0x32 out/tremo_gpio.o
 .ARM.attributes
                0x00000000000001aa       0x32 out/tremo_pwr.o
 .ARM.attributes
                0x00000000000001dc       0x32 out/tremo_rcc.o
 .ARM.attributes
                0x000000000000020e       0x32 out/tremo_rtc.o
 .ARM.attributes
                0x0000000000000240       0x32 out/tremo_uart.o
 .ARM.attributes
                0x0000000000000272       0x32 out/delay.o
 .ARM.attributes
                0x00000000000002a4       0x32 out/timer.o
 .ARM.attributes
                0x00000000000002d6       0x32 out/radio.o
 .ARM.attributes
                0x0000000000000308       0x32 out/sx126x.o
 .ARM.attributes
                0x000000000000033a       0x32 out/rtc-board.o
 .ARM.attributes
                0x000000000000036c       0x32 out/sx1262-board.o
 .ARM.attributes
                0x000000000000039e       0x32 out/utilities.o
 .ARM.attributes
                0x00000000000003d0       0x21 out/startup_cm4.o
 .ARM.attributes
                0x00000000000003f1       0x1e /usr/lib/gcc/arm-none-eabi/10.3.1/thumb/v7e-m/nofp/libgcc.a(_arm_addsubdf3.o)
 .ARM.attributes
                0x000000000000040f       0x1e /usr/lib/gcc/arm-none-eabi/10.3.1/thumb/v7e-m/nofp/libgcc.a(_arm_muldivdf3.o)
 .ARM.attributes
                0x000000000000042d       0x1e /usr/lib/gcc/arm-none-eabi/10.3.1/thumb/v7e-m/nofp/libgcc.a(_arm_cmpdf2.o)
 .ARM.attributes
                0x000000000000044b       0x1e /usr/lib/gcc/arm-none-eabi/10.3.1/thumb/v7e-m/nofp/libgcc.a(_arm_fixdfsi.o)
 .ARM.attributes
                0x0000000000000469       0x1e /usr/lib/gcc/arm-none-eabi/10.3.1/thumb/v7e-m/nofp/libgcc.a(_arm_fixunsdfsi.o)
 .ARM.attributes
                0x0000000000000487       0x1e /usr/lib/gcc/arm-none-eabi/10.3.1/thumb/v7e-m/nofp/libgcc.a(_aeabi_uldivmod.o)
 .ARM.attributes
                0x00000000000004a5       0x2e /usr/lib/gcc/arm-none-eabi/10.3.1/thumb/v7e-m/nofp/libgcc.a(_fixunsdfdi.o)
 .ARM.attributes
                0x00000000000004d3       0x2e /usr/lib/gcc/arm-none-eabi/10.3.1/thumb/v7e-m/nofp/libgcc.a(_udivmoddi4.o)
 .ARM.attributes
                0x0000000000000501       0x1e /usr/lib/gcc/arm-none-eabi/10.3.1/thumb/v7e-m/nofp/libgcc.a(_dvmd_tls.o)
 .ARM.attributes
                0x000000000000051f       0x2e /usr/lib/gcc/arm-none-eabi/10.3.1/../../../arm-none-eabi/lib/thumb/v7e-m/nofp/libc.a(lib_a-atexit.o)
 .ARM.attributes
                0x000000000000054d       0x2e /usr/lib/gcc/arm-none-eabi/10.3.1/../../../arm-none-eabi/lib/thumb/v7e-m/nofp/libc.a(lib_a-fini.o)
 .ARM.attributes
                0x000000000000057b       0x2e /usr/lib/gcc/arm-none-eabi/10.3.1/../../../arm-none-eabi/lib/thumb/v7e-m/nofp/libc.a(lib_a-impure.o)
 .ARM.attributes
                0x00000000000005a9       0x2e /usr/lib/gcc/arm-none-eabi/10.3.1/../../../arm-none-eabi/lib/thumb/v7e-m/nofp/libc.a(lib_a-init.o)
 .ARM.attributes
                0x00000000000005d7       0x1c /usr/lib/gcc/arm-none-eabi/10.3.1/../../../arm-none-eabi/lib/thumb/v7e-m/nofp/libc.a(lib_a-memcpy.o)
 .ARM.attributes
                0x00000000000005f3       0x2e /usr/lib/gcc/arm-none-eabi/10.3.1/../../../arm-none-eabi/lib/thumb/v7e-m/nofp/libc.a(lib_a-memset.o)
 .ARM.attributes
                0x0000000000000621       0x2e /usr/lib/gcc/arm-none-eabi/10.3.1/../../../arm-none-eabi/lib/thumb/v7e-m/nofp/libc.a(lib_a-__atexit.o)
 .ARM.attributes
                0x000000000000064f       0x2e /usr/lib/gcc/arm-none-eabi/10.3.1/../../../arm-none-eabi/lib/thumb/v7e-m/nofp/libc.a(lib_a-__call_atexit.o)
 .ARM.attributes
                0x000000000000067d       0x2e /usr/lib/gcc/arm-none-eabi/10.3.1/thumb/v7e-m/nofp/crtend.o
 .ARM.attributes
                0x00000000000006ab       0x1e /usr/lib/gcc/arm-none-eabi/10.3.1/thumb/v7e-m/nofp/crtn.o
OUTPUT(out/pingpong.elf elf32-littlearm)
LOAD linker stubs
LOAD /usr/lib/gcc/arm-none-eabi/10.3.1/../../../arm-none-eabi/lib/thumb/v7e-m/nofp/libc.a
LOAD /usr/lib/gcc/arm-none-eabi/10.3.1/../../../arm-none-eabi/lib/thumb/v7e-m/nofp/libm.a
LOAD /usr/lib/gcc/arm-none-eabi/10.3.1/thumb/v7e-m/nofp/libgcc.a

.comment        0x0000000000000000       0x33
 .comment       0x0000000000000000       0x33 /usr/lib/gcc/arm-none-eabi/10.3.1/thumb/v7e-m/nofp/crtbegin.o
                                         0x34 (size before relaxing)
 .comment       0x0000000000000033       0x34 out/main.o
 .comment       0x0000000000000033       0x34 out/pingpong.o
 .comment       0x0000000000000033       0x34 out/tremo_it.o
 .comment       0x0000000000000033       0x34 out/printf-stdarg.o
 .comment       0x0000000000000033       0x34 out/system_cm4.o
 .comment       0x0000000000000033       0x34 out/tremo_delay.o
 .comment       0x0000000000000033       0x34 out/tremo_gpio.o
 .comment       0x0000000000000033       0x34 out/tremo_pwr.o
 .comment       0x0000000000000033       0x34 out/tremo_rcc.o
 .comment       0x0000000000000033       0x34 out/tremo_rtc.o
 .comment       0x0000000000000033       0x34 out/tremo_uart.o
 .comment       0x0000000000000033       0x34 out/delay.o
 .comment       0x0000000000000033       0x34 out/timer.o
 .comment       0x0000000000000033       0x34 out/radio.o
 .comment       0x0000000000000033       0x34 out/sx126x.o
 .comment       0x0000000000000033       0x34 out/rtc-board.o
 .comment       0x0000000000000033       0x34 out/sx1262-board.o
 .comment       0x0000000000000033       0x34 out/utilities.o
 .comment       0x0000000000000033       0x34 /usr/lib/gcc/arm-none-eabi/10.3.1/thumb/v7e-m/nofp/libgcc.a(_fixunsdfdi.o)
 .comment       0x0000000000000033       0x34 /usr/lib/gcc/arm-none-eabi/10.3.1/thumb/v7e-m/nofp/libgcc.a(_udivmoddi4.o)
 .comment       0x0000000000000033       0x34 /usr/lib/gcc/arm-none-eabi/10.3.1/../../../arm-none-eabi/lib/thumb/v7e-m/nofp/libc.a(lib_a-atexit.o)
 .comment       0x0000000000000033       0x34 /usr/lib/gcc/arm-none-eabi/10.3.1/../../../arm-none-eabi/lib/thumb/v7e-m/nofp/libc.a(lib_a-fini.o)
 .comment       0x0000000000000033       0x34 /usr/lib/gcc/arm-none-eabi/10.3.1/../../../arm-none-eabi/lib/thumb/v7e-m/nofp/libc.a(lib_a-impure.o)
 .comment       0x0000000000000033       0x34 /usr/lib/gcc/arm-none-eabi/10.3.1/../../../arm-none-eabi/lib/thumb/v7e-m/nofp/libc.a(lib_a-init.o)
 .comment       0x0000000000000033       0x34 /usr/lib/gcc/arm-none-eabi/10.3.1/../../../arm-none-eabi/lib/thumb/v7e-m/nofp/libc.a(lib_a-memset.o)
 .comment       0x0000000000000033       0x34 /usr/lib/gcc/arm-none-eabi/10.3.1/../../../arm-none-eabi/lib/thumb/v7e-m/nofp/libc.a(lib_a-__atexit.o)
 .comment       0x0000000000000033       0x34 /usr/lib/gcc/arm-none-eabi/10.3.1/../../../arm-none-eabi/lib/thumb/v7e-m/nofp/libc.a(lib_a-__call_atexit.o)
 .comment       0x0000000000000033       0x34 /usr/lib/gcc/arm-none-eabi/10.3.1/thumb/v7e-m/nofp/crtend.o

.debug_line     0x0000000000000000     0x1665
 .debug_line    0x0000000000000000      0x186 /usr/lib/gcc/arm-none-eabi/10.3.1/thumb/v7e-m/nofp/libgcc.a(_arm_addsubdf3.o)
 .debug_line    0x0000000000000186      0x19b /usr/lib/gcc/arm-none-eabi/10.3.1/thumb/v7e-m/nofp/libgcc.a(_arm_muldivdf3.o)
 .debug_line    0x0000000000000321       0xbd /usr/lib/gcc/arm-none-eabi/10.3.1/thumb/v7e-m/nofp/libgcc.a(_arm_cmpdf2.o)
 .debug_line    0x00000000000003de       0x79 /usr/lib/gcc/arm-none-eabi/10.3.1/thumb/v7e-m/nofp/libgcc.a(_arm_fixdfsi.o)
 .debug_line    0x0000000000000457       0x75 /usr/lib/gcc/arm-none-eabi/10.3.1/thumb/v7e-m/nofp/libgcc.a(_arm_fixunsdfsi.o)
 .debug_line    0x00000000000004cc       0x60 /usr/lib/gcc/arm-none-eabi/10.3.1/thumb/v7e-m/nofp/libgcc.a(_aeabi_uldivmod.o)
 .debug_line    0x000000000000052c       0xad /usr/lib/gcc/arm-none-eabi/10.3.1/thumb/v7e-m/nofp/libgcc.a(_fixunsdfdi.o)
 .debug_line    0x00000000000005d9      0x5b4 /usr/lib/gcc/arm-none-eabi/10.3.1/thumb/v7e-m/nofp/libgcc.a(_udivmoddi4.o)
 .debug_line    0x0000000000000b8d       0x60 /usr/lib/gcc/arm-none-eabi/10.3.1/thumb/v7e-m/nofp/libgcc.a(_dvmd_tls.o)
 .debug_line    0x0000000000000bed       0xc0 /usr/lib/gcc/arm-none-eabi/10.3.1/../../../arm-none-eabi/lib/thumb/v7e-m/nofp/libc.a(lib_a-atexit.o)
 .debug_line    0x0000000000000cad       0xed /usr/lib/gcc/arm-none-eabi/10.3.1/../../../arm-none-eabi/lib/thumb/v7e-m/nofp/libc.a(lib_a-fini.o)
 .debug_line    0x0000000000000d9a       0xe4 /usr/lib/gcc/arm-none-eabi/10.3.1/../../../arm-none-eabi/lib/thumb/v7e-m/nofp/libc.a(lib_a-impure.o)
 .debug_line    0x0000000000000e7e      0x138 /usr/lib/gcc/arm-none-eabi/10.3.1/../../../arm-none-eabi/lib/thumb/v7e-m/nofp/libc.a(lib_a-init.o)
 .debug_line    0x0000000000000fb6       0xbe /usr/lib/gcc/arm-none-eabi/10.3.1/../../../arm-none-eabi/lib/thumb/v7e-m/nofp/libc.a(lib_a-memcpy.o)
 .debug_line    0x0000000000001074      0x1bf /usr/lib/gcc/arm-none-eabi/10.3.1/../../../arm-none-eabi/lib/thumb/v7e-m/nofp/libc.a(lib_a-memset.o)
 .debug_line    0x0000000000001233      0x19e /usr/lib/gcc/arm-none-eabi/10.3.1/../../../arm-none-eabi/lib/thumb/v7e-m/nofp/libc.a(lib_a-__atexit.o)
 .debug_line    0x00000000000013d1      0x294 /usr/lib/gcc/arm-none-eabi/10.3.1/../../../arm-none-eabi/lib/thumb/v7e-m/nofp/libc.a(lib_a-__call_atexit.o)

.debug_info     0x0000000000000000     0x2d17
 .debug_info    0x0000000000000000       0x26 /usr/lib/gcc/arm-none-eabi/10.3.1/thumb/v7e-m/nofp/libgcc.a(_arm_addsubdf3.o)
 .debug_info    0x0000000000000026       0x26 /usr/lib/gcc/arm-none-eabi/10.3.1/thumb/v7e-m/nofp/libgcc.a(_arm_muldivdf3.o)
 .debug_info    0x000000000000004c       0x26 /usr/lib/gcc/arm-none-eabi/10.3.1/thumb/v7e-m/nofp/libgcc.a(_arm_cmpdf2.o)
 .debug_info    0x0000000000000072       0x26 /usr/lib/gcc/arm-none-eabi/10.3.1/thumb/v7e-m/nofp/libgcc.a(_arm_fixdfsi.o)
 .debug_info    0x0000000000000098       0x26 /usr/lib/gcc/arm-none-eabi/10.3.1/thumb/v7e-m/nofp/libgcc.a(_arm_fixunsdfsi.o)
 .debug_info    0x00000000000000be       0x26 /usr/lib/gcc/arm-none-eabi/10.3.1/thumb/v7e-m/nofp/libgcc.a(_aeabi_uldivmod.o)
 .debug_info    0x00000000000000e4      0x366 /usr/lib/gcc/arm-none-eabi/10.3.1/thumb/v7e-m/nofp/libgcc.a(_fixunsdfdi.o)
 .debug_info    0x000000000000044a      0x717 /usr/lib/gcc/arm-none-eabi/10.3.1/thumb/v7e-m/nofp/libgcc.a(_udivmoddi4.o)
 .debug_info    0x0000000000000b61       0x26 /usr/lib/gcc/arm-none-eabi/10.3.1/thumb/v7e-m/nofp/libgcc.a(_dvmd_tls.o)
 .debug_info    0x0000000000000b87      0x100 /usr/lib/gcc/arm-none-eabi/10.3.1/../../../arm-none-eabi/lib/thumb/v7e-m/nofp/libc.a(lib_a-atexit.o)
 .debug_info    0x0000000000000c87      0x102 /usr/lib/gcc/arm-none-eabi/10.3.1/../../../arm-none-eabi/lib/thumb/v7e-m/nofp/libc.a(lib_a-fini.o)
 .debug_info    0x0000000000000d89      0x92a /usr/lib/gcc/arm-none-eabi/10.3.1/../../../arm-none-eabi/lib/thumb/v7e-m/nofp/libc.a(lib_a-impure.o)
 .debug_info    0x00000000000016b3      0x11a /usr/lib/gcc/arm-none-eabi/10.3.1/../../../arm-none-eabi/lib/thumb/v7e-m/nofp/libc.a(lib_a-init.o)
 .debug_info    0x00000000000017cd       0x26 /usr/lib/gcc/arm-none-eabi/10.3.1/../../../arm-none-eabi/lib/thumb/v7e-m/nofp/libc.a(lib_a-memcpy.o)
 .debug_info    0x00000000000017f3      0x137 /usr/lib/gcc/arm-none-eabi/10.3.1/../../../arm-none-eabi/lib/thumb/v7e-m/nofp/libc.a(lib_a-memset.o)
 .debug_info    0x000000000000192a      0x9b0 /usr/lib/gcc/arm-none-eabi/10.3.1/../../../arm-none-eabi/lib/thumb/v7e-m/nofp/libc.a(lib_a-__atexit.o)
 .debug_info    0x00000000000022da      0xa3d /usr/lib/gcc/arm-none-eabi/10.3.1/../../../arm-none-eabi/lib/thumb/v7e-m/nofp/libc.a(lib_a-__call_atexit.o)

.debug_abbrev   0x0000000000000000      0xcb3
 .debug_abbrev  0x0000000000000000       0x14 /usr/lib/gcc/arm-none-eabi/10.3.1/thumb/v7e-m/nofp/libgcc.a(_arm_addsubdf3.o)
 .debug_abbrev  0x0000000000000014       0x14 /usr/lib/gcc/arm-none-eabi/10.3.1/thumb/v7e-m/nofp/libgcc.a(_arm_muldivdf3.o)
 .debug_abbrev  0x0000000000000028       0x14 /usr/lib/gcc/arm-none-eabi/10.3.1/thumb/v7e-m/nofp/libgcc.a(_arm_cmpdf2.o)
 .debug_abbrev  0x000000000000003c       0x14 /usr/lib/gcc/arm-none-eabi/10.3.1/thumb/v7e-m/nofp/libgcc.a(_arm_fixdfsi.o)
 .debug_abbrev  0x0000000000000050       0x14 /usr/lib/gcc/arm-none-eabi/10.3.1/thumb/v7e-m/nofp/libgcc.a(_arm_fixunsdfsi.o)
 .debug_abbrev  0x0000000000000064       0x14 /usr/lib/gcc/arm-none-eabi/10.3.1/thumb/v7e-m/nofp/libgcc.a(_aeabi_uldivmod.o)
 .debug_abbrev  0x0000000000000078      0x101 /usr/lib/gcc/arm-none-eabi/10.3.1/thumb/v7e-m/nofp/libgcc.a(_fixunsdfdi.o)
 .debug_abbrev  0x0000000000000179      0x163 /usr/lib/gcc/arm-none-eabi/10.3.1/thumb/v7e-m/nofp/libgcc.a(_udivmoddi4.o)
 .debug_abbrev  0x00000000000002dc       0x14 /usr/lib/gcc/arm-none-eabi/10.3.1/thumb/v7e-m/nofp/libgcc.a(_dvmd_tls.o)
 .debug_abbrev  0x00000000000002f0       0xb7 /usr/lib/gcc/arm-none-eabi/10.3.1/../../../arm-none-eabi/lib/thumb/v7e-m/nofp/libc.a(lib_a-atexit.o)
 .debug_abbrev  0x00000000000003a7       0xcf /usr/lib/gcc/arm-none-eabi/10.3.1/../../../arm-none-eabi/lib/thumb/v7e-m/nofp/libc.a(lib_a-fini.o)
 .debug_abbrev  0x0000000000000476      0x1b8 /usr/lib/gcc/arm-none-eabi/10.3.1/../../../arm-none-eabi/lib/thumb/v7e-m/nofp/libc.a(lib_a-impure.o)
 .debug_abbrev  0x000000000000062e       0xcc /usr/lib/gcc/arm-none-eabi/10.3.1/../../../arm-none-eabi/lib/thumb/v7e-m/nofp/libc.a(lib_a-init.o)
 .debug_abbrev  0x00000000000006fa       0x14 /usr/lib/gcc/arm-none-eabi/10.3.1/../../../arm-none-eabi/lib/thumb/v7e-m/nofp/libc.a(lib_a-memcpy.o)
 .debug_abbrev  0x000000000000070e       0xb4 /usr/lib/gcc/arm-none-eabi/10.3.1/../../../arm-none-eabi/lib/thumb/v7e-m/nofp/libc.a(lib_a-memset.o)
 .debug_abbrev  0x00000000000007c2      0x23f /usr/lib/gcc/arm-none-eabi/10.3.1/../../../arm-none-eabi/lib/thumb/v7e-m/nofp/libc.a(lib_a-__atexit.o)
 .debug_abbrev  0x0000000000000a01      0x2b2 /usr/lib/gcc/arm-none-eabi/10.3.1/../../../arm-none-eabi/lib/thumb/v7e-m/nofp/libc.a(lib_a-__call_atexit.o)

.debug_aranges  0x0000000000000000      0x220
 .debug_aranges
                0x0000000000000000       0x20 /usr/lib/gcc/arm-none-eabi/10.3.1/thumb/v7e-m/nofp/libgcc.a(_arm_addsubdf3.o)
 .debug_aranges
                0x0000000000000020       0x20 /usr/lib/gcc/arm-none-eabi/10.3.1/thumb/v7e-m/nofp/libgcc.a(_arm_muldivdf3.o)
 .debug_aranges
                0x0000000000000040       0x20 /usr/lib/gcc/arm-none-eabi/10.3.1/thumb/v7e-m/nofp/libgcc.a(_arm_cmpdf2.o)
 .debug_aranges
                0x0000000000000060       0x20 /usr/lib/gcc/arm-none-eabi/10.3.1/thumb/v7e-m/nofp/libgcc.a(_arm_fixdfsi.o)
 .debug_aranges
                0x0000000000000080       0x20 /usr/lib/gcc/arm-none-eabi/10.3.1/thumb/v7e-m/nofp/libgcc.a(_arm_fixunsdfsi.o)
 .debug_aranges
                0x00000000000000a0       0x20 /usr/lib/gcc/arm-none-eabi/10.3.1/thumb/v7e-m/nofp/libgcc.a(_aeabi_uldivmod.o)
 .debug_aranges
                0x00000000000000c0       0x20 /usr/lib/gcc/arm-none-eabi/10.3.1/thumb/v7e-m/nofp/libgcc.a(_fixunsdfdi.o)
 .debug_aranges
                0x00000000000000e0       0x20 /usr/lib/gcc/arm-none-eabi/10.3.1/thumb/v7e-m/nofp/libgcc.a(_udivmoddi4.o)
 .debug_aranges
                0x0000000000000100       0x20 /usr/lib/gcc/arm-none-eabi/10.3.1/thumb/v7e-m/nofp/libgcc.a(_dvmd_tls.o)
 .debug_aranges
                0x0000000000000120       0x20 /usr/lib/gcc/arm-none-eabi/10.3.1/../../../arm-none-eabi/lib/thumb/v7e-m/nofp/libc.a(lib_a-atexit.o)
 .debug_aranges
                0x0000000000000140       0x20 /usr/lib/gcc/arm-none-eabi/10.3.1/../../../arm-none-eabi/lib/thumb/v7e-m/nofp/libc.a(lib_a-fini.o)
 .debug_aranges
                0x0000000000000160       0x18 /usr/lib/gcc/arm-none-eabi/10.3.1/../../../arm-none-eabi/lib/thumb/v7e-m/nofp/libc.a(lib_a-impure.o)
 .debug_aranges
                0x0000000000000178       0x20 /usr/lib/gcc/arm-none-eabi/10.3.1/../../../arm-none-eabi/lib/thumb/v7e-m/nofp/libc.a(lib_a-init.o)
 .debug_aranges
                0x0000000000000198       0x20 /usr/lib/gcc/arm-none-eabi/10.3.1/../../../arm-none-eabi/lib/thumb/v7e-m/nofp/libc.a(lib_a-memcpy.o)
 .debug_aranges
                0x00000000000001b8       0x20 /usr/lib/gcc/arm-none-eabi/10.3.1/../../../arm-none-eabi/lib/thumb/v7e-m/nofp/libc.a(lib_a-memset.o)
 .debug_aranges
                0x00000000000001d8       0x20 /usr/lib/gcc/arm-none-eabi/10.3.1/../../../arm-none-eabi/lib/thumb/v7e-m/nofp/libc.a(lib_a-__atexit.o)
 .debug_aranges
                0x00000000000001f8       0x28 /usr/lib/gcc/arm-none-eabi/10.3.1/../../../arm-none-eabi/lib/thumb/v7e-m/nofp/libc.a(lib_a-__call_atexit.o)

.debug_str      0x0000000000000000     0x108b
 .debug_str     0x0000000000000000       0xa8 /usr/lib/gcc/arm-none-eabi/10.3.1/thumb/v7e-m/nofp/libgcc.a(_arm_addsubdf3.o)
 .debug_str     0x00000000000000a8       0xa8 /usr/lib/gcc/arm-none-eabi/10.3.1/thumb/v7e-m/nofp/libgcc.a(_arm_muldivdf3.o)
 .debug_str     0x00000000000000a8       0xa8 /usr/lib/gcc/arm-none-eabi/10.3.1/thumb/v7e-m/nofp/libgcc.a(_arm_cmpdf2.o)
 .debug_str     0x00000000000000a8       0xa8 /usr/lib/gcc/arm-none-eabi/10.3.1/thumb/v7e-m/nofp/libgcc.a(_arm_fixdfsi.o)
 .debug_str     0x00000000000000a8       0xa8 /usr/lib/gcc/arm-none-eabi/10.3.1/thumb/v7e-m/nofp/libgcc.a(_arm_fixunsdfsi.o)
 .debug_str     0x00000000000000a8       0x2c /usr/lib/gcc/arm-none-eabi/10.3.1/thumb/v7e-m/nofp/libgcc.a(_aeabi_uldivmod.o)
                                         0xa3 (size before relaxing)
 .debug_str     0x00000000000000d4      0x593 /usr/lib/gcc/arm-none-eabi/10.3.1/thumb/v7e-m/nofp/libgcc.a(_fixunsdfdi.o)
                                        0x629 (size before relaxing)
 .debug_str     0x0000000000000667       0xfa /usr/lib/gcc/arm-none-eabi/10.3.1/thumb/v7e-m/nofp/libgcc.a(_udivmoddi4.o)
                                        0x641 (size before relaxing)
 .debug_str     0x0000000000000761       0x30 /usr/lib/gcc/arm-none-eabi/10.3.1/thumb/v7e-m/nofp/libgcc.a(_dvmd_tls.o)
                                         0xa7 (size before relaxing)
 .debug_str     0x0000000000000791      0x142 /usr/lib/gcc/arm-none-eabi/10.3.1/../../../arm-none-eabi/lib/thumb/v7e-m/nofp/libc.a(lib_a-atexit.o)
                                        0x1de (size before relaxing)
 .debug_str     0x00000000000008d3       0xc5 /usr/lib/gcc/arm-none-eabi/10.3.1/../../../arm-none-eabi/lib/thumb/v7e-m/nofp/libc.a(lib_a-fini.o)
                                        0x1d6 (size before relaxing)
 .debug_str     0x0000000000000998      0x44a /usr/lib/gcc/arm-none-eabi/10.3.1/../../../arm-none-eabi/lib/thumb/v7e-m/nofp/libc.a(lib_a-impure.o)
                                        0x57c (size before relaxing)
 .debug_str     0x0000000000000de2       0x96 /usr/lib/gcc/arm-none-eabi/10.3.1/../../../arm-none-eabi/lib/thumb/v7e-m/nofp/libc.a(lib_a-init.o)
                                        0x200 (size before relaxing)
 .debug_str     0x0000000000000e78       0xa2 /usr/lib/gcc/arm-none-eabi/10.3.1/../../../arm-none-eabi/lib/thumb/v7e-m/nofp/libc.a(lib_a-memcpy.o)
                                         0xae (size before relaxing)
 .debug_str     0x0000000000000f1a       0xa9 /usr/lib/gcc/arm-none-eabi/10.3.1/../../../arm-none-eabi/lib/thumb/v7e-m/nofp/libc.a(lib_a-memset.o)
                                        0x1b5 (size before relaxing)
 .debug_str     0x0000000000000fc3       0x36 /usr/lib/gcc/arm-none-eabi/10.3.1/../../../arm-none-eabi/lib/thumb/v7e-m/nofp/libc.a(lib_a-__atexit.o)
                                        0x5b6 (size before relaxing)
 .debug_str     0x0000000000000ff9       0x92 /usr/lib/gcc/arm-none-eabi/10.3.1/../../../arm-none-eabi/lib/thumb/v7e-m/nofp/libc.a(lib_a-__call_atexit.o)
                                        0x5e2 (size before relaxing)

.debug_frame    0x0000000000000000      0x3c4
 .debug_frame   0x0000000000000000       0xac /usr/lib/gcc/arm-none-eabi/10.3.1/thumb/v7e-m/nofp/libgcc.a(_arm_addsubdf3.o)
 .debug_frame   0x00000000000000ac       0x50 /usr/lib/gcc/arm-none-eabi/10.3.1/thumb/v7e-m/nofp/libgcc.a(_arm_muldivdf3.o)
 .debug_frame   0x00000000000000fc       0xc4 /usr/lib/gcc/arm-none-eabi/10.3.1/thumb/v7e-m/nofp/libgcc.a(_arm_cmpdf2.o)
 .debug_frame   0x00000000000001c0       0x24 /usr/lib/gcc/arm-none-eabi/10.3.1/thumb/v7e-m/nofp/libgcc.a(_arm_fixdfsi.o)
 .debug_frame   0x00000000000001e4       0x24 /usr/lib/gcc/arm-none-eabi/10.3.1/thumb/v7e-m/nofp/libgcc.a(_arm_fixunsdfsi.o)
 .debug_frame   0x0000000000000208       0x2c /usr/lib/gcc/arm-none-eabi/10.3.1/thumb/v7e-m/nofp/libgcc.a(_aeabi_uldivmod.o)
 .debug_frame   0x0000000000000234       0x2c /usr/lib/gcc/arm-none-eabi/10.3.1/thumb/v7e-m/nofp/libgcc.a(_fixunsdfdi.o)
 .debug_frame   0x0000000000000260       0x34 /usr/lib/gcc/arm-none-eabi/10.3.1/thumb/v7e-m/nofp/libgcc.a(_udivmoddi4.o)
 .debug_frame   0x0000000000000294       0x20 /usr/lib/gcc/arm-none-eabi/10.3.1/../../../arm-none-eabi/lib/thumb/v7e-m/nofp/libc.a(lib_a-atexit.o)
 .debug_frame   0x00000000000002b4       0x34 /usr/lib/gcc/arm-none-eabi/10.3.1/../../../arm-none-eabi/lib/thumb/v7e-m/nofp/libc.a(lib_a-fini.o)
 .debug_frame   0x00000000000002e8       0x2c /usr/lib/gcc/arm-none-eabi/10.3.1/../../../arm-none-eabi/lib/thumb/v7e-m/nofp/libc.a(lib_a-init.o)
 .debug_frame   0x0000000000000314       0x2c /usr/lib/gcc/arm-none-eabi/10.3.1/../../../arm-none-eabi/lib/thumb/v7e-m/nofp/libc.a(lib_a-memset.o)
 .debug_frame   0x0000000000000340       0x34 /usr/lib/gcc/arm-none-eabi/10.3.1/../../../arm-none-eabi/lib/thumb/v7e-m/nofp/libc.a(lib_a-__atexit.o)
 .debug_frame   0x0000000000000374       0x50 /usr/lib/gcc/arm-none-eabi/10.3.1/../../../arm-none-eabi/lib/thumb/v7e-m/nofp/libc.a(lib_a-__call_atexit.o)

.debug_loc      0x0000000000000000     0x17a7
 .debug_loc     0x0000000000000000       0xad /usr/lib/gcc/arm-none-eabi/10.3.1/thumb/v7e-m/nofp/libgcc.a(_fixunsdfdi.o)
 .debug_loc     0x00000000000000ad     0x1094 /usr/lib/gcc/arm-none-eabi/10.3.1/thumb/v7e-m/nofp/libgcc.a(_udivmoddi4.o)
 .debug_loc     0x0000000000001141       0x32 /usr/lib/gcc/arm-none-eabi/10.3.1/../../../arm-none-eabi/lib/thumb/v7e-m/nofp/libc.a(lib_a-atexit.o)
 .debug_loc     0x0000000000001173       0x68 /usr/lib/gcc/arm-none-eabi/10.3.1/../../../arm-none-eabi/lib/thumb/v7e-m/nofp/libc.a(lib_a-fini.o)
 .debug_loc     0x00000000000011db       0xba /usr/lib/gcc/arm-none-eabi/10.3.1/../../../arm-none-eabi/lib/thumb/v7e-m/nofp/libc.a(lib_a-init.o)
 .debug_loc     0x0000000000001295      0x22c /usr/lib/gcc/arm-none-eabi/10.3.1/../../../arm-none-eabi/lib/thumb/v7e-m/nofp/libc.a(lib_a-memset.o)
 .debug_loc     0x00000000000014c1      0x138 /usr/lib/gcc/arm-none-eabi/10.3.1/../../../arm-none-eabi/lib/thumb/v7e-m/nofp/libc.a(lib_a-__atexit.o)
 .debug_loc     0x00000000000015f9      0x1ae /usr/lib/gcc/arm-none-eabi/10.3.1/../../../arm-none-eabi/lib/thumb/v7e-m/nofp/libc.a(lib_a-__call_atexit.o)

.debug_ranges   0x0000000000000000      0x138
 .debug_ranges  0x0000000000000000       0xe8 /usr/lib/gcc/arm-none-eabi/10.3.1/thumb/v7e-m/nofp/libgcc.a(_udivmoddi4.o)
 .debug_ranges  0x00000000000000e8       0x50 /usr/lib/gcc/arm-none-eabi/10.3.1/../../../arm-none-eabi/lib/thumb/v7e-m/nofp/libc.a(lib_a-__call_atexit.o)
