Archive member included to satisfy reference by file (symbol)

/home/aditya/ra-08h/Ai-Thinker-LoRaWAN-Ra-08/drivers/crypto/lib/libcrypto.a(aes.o)
                              out/cmac.o (aes_init)
/usr/lib/gcc/arm-none-eabi/10.3.1/thumb/v7e-m/nofp/libgcc.a(_arm_muldf3.o)
                              out/printf-stdarg.o (__aeabi_dmul)
/usr/lib/gcc/arm-none-eabi/10.3.1/thumb/v7e-m/nofp/libgcc.a(_arm_addsubdf3.o)
                              out/printf-stdarg.o (__aeabi_dsub)
/usr/lib/gcc/arm-none-eabi/10.3.1/thumb/v7e-m/nofp/libgcc.a(_arm_muldivdf3.o)
                              out/printf-stdarg.o (__aeabi_ddiv)
/usr/lib/gcc/arm-none-eabi/10.3.1/thumb/v7e-m/nofp/libgcc.a(_arm_cmpdf2.o)
                              out/printf-stdarg.o (__aeabi_dcmpeq)
/usr/lib/gcc/arm-none-eabi/10.3.1/thumb/v7e-m/nofp/libgcc.a(_arm_fixdfsi.o)
                              out/printf-stdarg.o (__aeabi_d2iz)
/usr/lib/gcc/arm-none-eabi/10.3.1/thumb/v7e-m/nofp/libgcc.a(_arm_fixunsdfsi.o)
                              out/printf-stdarg.o (__aeabi_d2uiz)
/usr/lib/gcc/arm-none-eabi/10.3.1/thumb/v7e-m/nofp/libgcc.a(_aeabi_uldivmod.o)
                              out/printf-stdarg.o (__aeabi_uldivmod)
/usr/lib/gcc/arm-none-eabi/10.3.1/thumb/v7e-m/nofp/libgcc.a(_fixunsdfdi.o)
                              out/rtc-board.o (__aeabi_d2ulz)
/usr/lib/gcc/arm-none-eabi/10.3.1/thumb/v7e-m/nofp/libgcc.a(_udivmoddi4.o)
                              /usr/lib/gcc/arm-none-eabi/10.3.1/thumb/v7e-m/nofp/libgcc.a(_aeabi_uldivmod.o) (__udivmoddi4)
/usr/lib/gcc/arm-none-eabi/10.3.1/thumb/v7e-m/nofp/libgcc.a(_dvmd_tls.o)
                              /usr/lib/gcc/arm-none-eabi/10.3.1/thumb/v7e-m/nofp/libgcc.a(_aeabi_uldivmod.o) (__aeabi_ldiv0)
/usr/lib/gcc/arm-none-eabi/10.3.1/../../../arm-none-eabi/lib/thumb/v7e-m/nofp/libc.a(lib_a-atexit.o)
                              /usr/lib/gcc/arm-none-eabi/10.3.1/../../../arm-none-eabi/lib/thumb/v7e-m/nofp/crt0.o (atexit)
/usr/lib/gcc/arm-none-eabi/10.3.1/../../../arm-none-eabi/lib/thumb/v7e-m/nofp/libc.a(lib_a-exit.o)
                              /usr/lib/gcc/arm-none-eabi/10.3.1/../../../arm-none-eabi/lib/thumb/v7e-m/nofp/crt0.o (exit)
/usr/lib/gcc/arm-none-eabi/10.3.1/../../../arm-none-eabi/lib/thumb/v7e-m/nofp/libc.a(lib_a-fini.o)
                              /usr/lib/gcc/arm-none-eabi/10.3.1/../../../arm-none-eabi/lib/thumb/v7e-m/nofp/crt0.o (__libc_fini_array)
/usr/lib/gcc/arm-none-eabi/10.3.1/../../../arm-none-eabi/lib/thumb/v7e-m/nofp/libc.a(lib_a-impure.o)
                              /usr/lib/gcc/arm-none-eabi/10.3.1/../../../arm-none-eabi/lib/thumb/v7e-m/nofp/libc.a(lib_a-exit.o) (_global_impure_ptr)
/usr/lib/gcc/arm-none-eabi/10.3.1/../../../arm-none-eabi/lib/thumb/v7e-m/nofp/libc.a(lib_a-init.o)
                              /usr/lib/gcc/arm-none-eabi/10.3.1/../../../arm-none-eabi/lib/thumb/v7e-m/nofp/crt0.o (__libc_init_array)
/usr/lib/gcc/arm-none-eabi/10.3.1/../../../arm-none-eabi/lib/thumb/v7e-m/nofp/libc.a(lib_a-memcpy.o)
                              out/tremo_flash.o (memcpy)
/usr/lib/gcc/arm-none-eabi/10.3.1/../../../arm-none-eabi/lib/thumb/v7e-m/nofp/libc.a(lib_a-memset.o)
                              /usr/lib/gcc/arm-none-eabi/10.3.1/../../../arm-none-eabi/lib/thumb/v7e-m/nofp/crt0.o (memset)
/usr/lib/gcc/arm-none-eabi/10.3.1/../../../arm-none-eabi/lib/thumb/v7e-m/nofp/libc.a(lib_a-__atexit.o)
                              /usr/lib/gcc/arm-none-eabi/10.3.1/../../../arm-none-eabi/lib/thumb/v7e-m/nofp/libc.a(lib_a-atexit.o) (__register_exitproc)
/usr/lib/gcc/arm-none-eabi/10.3.1/../../../arm-none-eabi/lib/thumb/v7e-m/nofp/libc.a(lib_a-__call_atexit.o)
                              /usr/lib/gcc/arm-none-eabi/10.3.1/../../../arm-none-eabi/lib/thumb/v7e-m/nofp/libc.a(lib_a-exit.o) (__call_exitprocs)
/usr/lib/gcc/arm-none-eabi/10.3.1/../../../arm-none-eabi/lib/thumb/v7e-m/nofp/libm.a(lib_a-s_ceil.o)
                              out/radio.o (ceil)
/usr/lib/gcc/arm-none-eabi/10.3.1/../../../arm-none-eabi/lib/thumb/v7e-m/nofp/libm.a(lib_a-s_floor.o)
                              out/radio.o (floor)
/usr/lib/gcc/arm-none-eabi/10.3.1/../../../arm-none-eabi/lib/thumb/v7e-m/nofp/libm.a(lib_a-s_rint.o)
                              out/radio.o (rint)
/usr/lib/gcc/arm-none-eabi/10.3.1/../../../arm-none-eabi/lib/thumb/v7e-m/nofp/libm.a(lib_a-s_round.o)
                              out/rtc-board.o (round)

Discarded input sections

 .text          0x0000000000000000        0x0 /usr/lib/gcc/arm-none-eabi/10.3.1/thumb/v7e-m/nofp/crti.o
 .data          0x0000000000000000        0x0 /usr/lib/gcc/arm-none-eabi/10.3.1/thumb/v7e-m/nofp/crti.o
 .bss           0x0000000000000000        0x0 /usr/lib/gcc/arm-none-eabi/10.3.1/thumb/v7e-m/nofp/crti.o
 .data          0x0000000000000000        0x4 /usr/lib/gcc/arm-none-eabi/10.3.1/thumb/v7e-m/nofp/crtbegin.o
 .rodata        0x0000000000000000       0x24 /usr/lib/gcc/arm-none-eabi/10.3.1/thumb/v7e-m/nofp/crtbegin.o
[...]
Memory Configuration

Name             Origin             Length             Attributes
FLASH            0x0000000008000000 0x0000000000020000 xr
RAM              0x0000000020000000 0x0000000000004000 xrw
*default*        0x0000000000000000 0xffffffffffffffff

Linker script and memory map

LOAD /usr/lib/gcc/arm-none-eabi/10.3.1/thumb/v7e-m/nofp/crti.o
LOAD /usr/lib/gcc/arm-none-eabi/10.3.1/thumb/v7e-m/nofp/crtbegin.o
LOAD /usr/lib/gcc/arm-none-eabi/10.3.1/../../../arm-none-eabi/lib/thumb/v7e-m/nofp/crt0.o
LOAD out/classC.o
LOAD out/main.o
LOAD out/tremo_it.o
LOAD out/printf-stdarg.o
LOAD out/system_cm4.o
LOAD out/tremo_adc.o
LOAD out/tremo_bstimer.o
LOAD out/tremo_crc.o
LOAD out/tremo_dac.o
LOAD out/tremo_delay.o
LOAD out/tremo_dma.o
LOAD out/tremo_flash.o
LOAD out/tremo_gpio.o
LOAD out/tremo_i2c.o
LOAD out/tremo_i2s.o
LOAD out/tremo_iwdg.o
LOAD out/tremo_lcd.o
LOAD out/tremo_lptimer.o
LOAD out/tremo_lpuart.o
LOAD out/tremo_pwr.o
LOAD out/tremo_rcc.o
LOAD out/tremo_rtc.o
LOAD out/tremo_spi.o
LOAD out/tremo_system.o
LOAD out/tremo_timer.o
LOAD out/tremo_uart.o
LOAD out/tremo_wdg.o
LOAD out/delay.o
LOAD out/timer.o
LOAD out/cmac.o
LOAD out/radio.o
LOAD out/sx126x.o
LOAD out/rtc-board.o
LOAD out/sx1262-board.o
LOAD out/utilities.o
LOAD out/LoRaMac.o
LOAD out/LoRaMacClassB.o
LOAD out/LoRaMacConfirmQueue.o
LOAD out/LoRaMacCrypto.o
LOAD out/Region.o
LOAD out/RegionCommon.o
LOAD out/RegionCN470.o
LOAD out/startup_cm4.o
LOAD /home/aditya/ra-08h/Ai-Thinker-LoRaWAN-Ra-08/drivers/crypto/lib/libcrypto.a
START GROUP
LOAD /usr/lib/gcc/arm-none-eabi/10.3.1/thumb/v7e-m/nofp/libgcc.a
LOAD /usr/lib/gcc/arm-none-eabi/10.3.1/../../../arm-none-eabi/lib/thumb/v7e-m/nofp/libc.a
END GROUP
LOAD /usr/lib/gcc/arm-none-eabi/10.3.1/thumb/v7e-m/nofp/crtend.o
LOAD /usr/lib/gcc/arm-none-eabi/10.3.1/thumb/v7e-m/nofp/crtn.o
                0x0000000020004000                _estack = 0x20004000
                0x0000000000000000                _HEAP_SIZE = 0x0
                0x0000000000001000                _STACK_SIZE = 0x1000

.isr_vector     0x0000000008000000       0xd4
                0x0000000008000000                . = ALIGN (0x4)
 *(.isr_vector)
 .isr_vector    0x0000000008000000       0xd4 out/startup_cm4.o
                0x0000000008000000                g_pfnVectors
                0x00000000080000d4                . = ALIGN (0x4)

.text           0x00000000080000d8     0x8dcc
                0x00000000080000d8                . = ALIGN (0x4)
 *(.text)
 .text          0x00000000080000d8       0x88 /usr/lib/gcc/arm-none-eabi/10.3.1/thumb/v7e-m/nofp/crtbegin.o
 .text          0x0000000008000160      0x1ec /home/aditya/ra-08h/Ai-Thinker-LoRaWAN-Ra-08/drivers/crypto/lib/libcrypto.a(aes.o)
                0x0000000008000160                aes_init
                0x0000000008000270                aes_crypto
                0x0000000008000314                aes_close
 .text          0x000000000800034c      0x378 /usr/lib/gcc/arm-none-eabi/10.3.1/thumb/v7e-m/nofp/libgcc.a(_arm_addsubdf3.o)
                0x000000000800034c                __aeabi_drsub
                0x0000000008000354                __aeabi_dsub
                0x0000000008000354                __subdf3
                0x0000000008000358                __adddf3
                0x0000000008000358                __aeabi_dadd
                0x00000000080005d0                __aeabi_ui2d
                0x00000000080005d0                __floatunsidf
                0x00000000080005f0                __floatsidf
                0x00000000080005f0                __aeabi_i2d
                0x0000000008000614                __extendsfdf2
                0x0000000008000614                __aeabi_f2d
                0x0000000008000658                __aeabi_ul2d
                0x0000000008000658                __floatundidf
                0x0000000008000668                __floatdidf
                0x0000000008000668                __aeabi_l2d
 .text          0x00000000080006c4      0x424 /usr/lib/gcc/arm-none-eabi/10.3.1/thumb/v7e-m/nofp/libgcc.a(_arm_muldivdf3.o)
                0x00000000080006c4                __aeabi_dmul
                0x00000000080006c4                __muldf3
                0x0000000008000918                __aeabi_ddiv
                0x0000000008000918                __divdf3
 .text          0x0000000008000ae8      0x110 /usr/lib/gcc/arm-none-eabi/10.3.1/thumb/v7e-m/nofp/libgcc.a(_arm_cmpdf2.o)
                0x0000000008000ae8                __gtdf2
                0x0000000008000ae8                __gedf2
                0x0000000008000af0                __ltdf2
                0x0000000008000af0                __ledf2
                0x0000000008000af8                __cmpdf2
                0x0000000008000af8                __eqdf2
                0x0000000008000af8                __nedf2
                0x0000000008000b74                __aeabi_cdrcmple
                0x0000000008000b84                __aeabi_cdcmple
                0x0000000008000b84                __aeabi_cdcmpeq
                0x0000000008000b94                __aeabi_dcmpeq
                0x0000000008000ba8                __aeabi_dcmplt
                0x0000000008000bbc                __aeabi_dcmple
                0x0000000008000bd0                __aeabi_dcmpge
                0x0000000008000be4                __aeabi_dcmpgt
 .text          0x0000000008000bf8       0x50 /usr/lib/gcc/arm-none-eabi/10.3.1/thumb/v7e-m/nofp/libgcc.a(_arm_fixdfsi.o)
                0x0000000008000bf8                __fixdfsi
                0x0000000008000bf8                __aeabi_d2iz
 .text          0x0000000008000c48       0x40 /usr/lib/gcc/arm-none-eabi/10.3.1/thumb/v7e-m/nofp/libgcc.a(_arm_fixunsdfsi.o)
                0x0000000008000c48                __fixunsdfsi
                0x0000000008000c48                __aeabi_d2uiz
 .text          0x0000000008000c88       0x30 /usr/lib/gcc/arm-none-eabi/10.3.1/thumb/v7e-m/nofp/libgcc.a(_aeabi_uldivmod.o)
                0x0000000008000c88                __aeabi_uldivmod
 .text          0x0000000008000cb8       0x3c /usr/lib/gcc/arm-none-eabi/10.3.1/thumb/v7e-m/nofp/libgcc.a(_fixunsdfdi.o)
                0x0000000008000cb8                __aeabi_d2ulz
                0x0000000008000cb8                __fixunsdfdi
 .text          0x0000000008000cf4      0x2d0 /usr/lib/gcc/arm-none-eabi/10.3.1/thumb/v7e-m/nofp/libgcc.a(_udivmoddi4.o)
                0x0000000008000cf4                __udivmoddi4
 .text          0x0000000008000fc4        0x4 /usr/lib/gcc/arm-none-eabi/10.3.1/thumb/v7e-m/nofp/libgcc.a(_dvmd_tls.o)
                0x0000000008000fc4                __aeabi_ldiv0
                0x0000000008000fc4                __aeabi_idiv0
 .text          0x0000000008000fc8        0xc /usr/lib/gcc/arm-none-eabi/10.3.1/../../../arm-none-eabi/lib/thumb/v7e-m/nofp/libc.a(lib_a-atexit.o)
                0x0000000008000fc8                atexit
 .text          0x0000000008000fd4       0x2c /usr/lib/gcc/arm-none-eabi/10.3.1/../../../arm-none-eabi/lib/thumb/v7e-m/nofp/libc.a(lib_a-fini.o)
                0x0000000008000fd4                __libc_fini_array
 .text          0x0000000008001000       0x48 /usr/lib/gcc/arm-none-eabi/10.3.1/../../../arm-none-eabi/lib/thumb/v7e-m/nofp/libc.a(lib_a-init.o)
                0x0000000008001000                __libc_init_array
 .text          0x0000000008001048      0x134 /usr/lib/gcc/arm-none-eabi/10.3.1/../../../arm-none-eabi/lib/thumb/v7e-m/nofp/libc.a(lib_a-memcpy.o)
                0x0000000008001048                memcpy
 .text          0x000000000800117c       0xa4 /usr/lib/gcc/arm-none-eabi/10.3.1/../../../arm-none-eabi/lib/thumb/v7e-m/nofp/libc.a(lib_a-memset.o)
                0x000000000800117c                memset
 .text          0x0000000008001220       0x68 /usr/lib/gcc/arm-none-eabi/10.3.1/../../../arm-none-eabi/lib/thumb/v7e-m/nofp/libc.a(lib_a-__atexit.o)
                0x0000000008001220                __register_exitproc
 .text          0x0000000008001288       0xf8 /usr/lib/gcc/arm-none-eabi/10.3.1/../../../arm-none-eabi/lib/thumb/v7e-m/nofp/libm.a(lib_a-s_ceil.o)
                0x0000000008001288                ceil
 .text          0x0000000008001380       0xf8 /usr/lib/gcc/arm-none-eabi/10.3.1/../../../arm-none-eabi/lib/thumb/v7e-m/nofp/libm.a(lib_a-s_floor.o)
                0x0000000008001380                floor
 .text          0x0000000008001478      0x138 /usr/lib/gcc/arm-none-eabi/10.3.1/../../../arm-none-eabi/lib/thumb/v7e-m/nofp/libm.a(lib_a-s_rint.o)
                0x0000000008001478                rint
 .text          0x00000000080015b0       0x94 /usr/lib/gcc/arm-none-eabi/10.3.1/../../../arm-none-eabi/lib/thumb/v7e-m/nofp/libm.a(lib_a-s_round.o)
                0x00000000080015b0                round
 *(.text*)
 .text.McpsConfirm
                0x0000000008001644        0xc out/classC.o
 .text.BoardGetBatteryLevel
                0x0000000008001650        0x4 out/classC.o
                0x0000000008001650                BoardGetBatteryLevel
 .text.MlmeConfirm
                0x0000000008001654       0x64 out/classC.o
 .text.OnTxNextPacketTimerEvent
                0x00000000080016b8       0x5c out/classC.o
 .text.MlmeIndication
                0x0000000008001714        0xc out/classC.o
 .text.McpsIndication
                0x0000000008001720       0x60 out/classC.o
 .text.app_start
                0x0000000008001780      0x1bc out/classC.o
                0x0000000008001780                app_start
 .text.uart_log_init
                0x000000000800193c       0x40 out/main.o
                0x000000000800193c                uart_log_init
 .text.board_init
                0x000000000800197c       0x6a out/main.o
                0x000000000800197c                board_init
 .text.startup.main
                0x00000000080019e6        0xe out/main.o
                0x00000000080019e6                main
 .text.NMI_Handler
                0x00000000080019f4        0x2 out/tremo_it.o
                0x00000000080019f4                NMI_Handler
 .text.HardFault_Handler
                0x00000000080019f6        0x2 out/tremo_it.o
                0x00000000080019f6                HardFault_Handler
 .text.MemManage_Handler
                0x00000000080019f8        0x2 out/tremo_it.o
                0x00000000080019f8                MemManage_Handler
 .text.BusFault_Handler
                0x00000000080019fa        0x2 out/tremo_it.o
                0x00000000080019fa                BusFault_Handler
 .text.UsageFault_Handler
                0x00000000080019fc        0x2 out/tremo_it.o
                0x00000000080019fc                UsageFault_Handler
 .text.SVC_Handler
                0x00000000080019fe        0x2 out/tremo_it.o
                0x00000000080019fe                SVC_Handler
 .text.PendSV_Handler
                0x0000000008001a00        0x2 out/tremo_it.o
                0x0000000008001a00                PendSV_Handler
 .text.SysTick_Handler
                0x0000000008001a02        0x2 out/tremo_it.o
                0x0000000008001a02                SysTick_Handler
 .text.PWR_IRQHandler
                0x0000000008001a04        0x2 out/tremo_it.o
                0x0000000008001a04                PWR_IRQHandler
 .text.LORA_IRQHandler
                0x0000000008001a06        0x4 out/tremo_it.o
                0x0000000008001a06                LORA_IRQHandler
 .text.RTC_IRQHandler
                0x0000000008001a0a        0x4 out/tremo_it.o
                0x0000000008001a0a                RTC_IRQHandler
 .text._out_null
                0x0000000008001a0e        0x2 out/printf-stdarg.o
 .text._out_rev
                0x0000000008001a10       0x86 out/printf-stdarg.o
 .text._ntoa_format
                0x0000000008001a96      0x10a out/printf-stdarg.o
 .text._ntoa_long
                0x0000000008001ba0       0x84 out/printf-stdarg.o
 .text._ntoa_long_long
                0x0000000008001c24       0xb6 out/printf-stdarg.o
 *fill*         0x0000000008001cda        0x6 
 .text._etoa    0x0000000008001ce0      0x394 out/printf-stdarg.o
 *fill*         0x0000000008002074        0x4 
 .text._ftoa    0x0000000008002078      0x358 out/printf-stdarg.o
 .text._out_char
                0x00000000080023d0       0x10 out/printf-stdarg.o
 .text._vsnprintf
                0x00000000080023e0      0x548 out/printf-stdarg.o
 .text.__wrap_printf
                0x0000000008002928       0x28 out/printf-stdarg.o
                0x0000000008002928                __wrap_printf
 .text.nvic_init
                0x0000000008002950       0x24 out/system_cm4.o
                0x0000000008002950                nvic_init
 .text.system_init
                0x0000000008002974       0x44 out/system_cm4.o
                0x0000000008002974                system_init
 .text.delay_init
                0x00000000080029b8       0x48 out/tremo_delay.o
                0x00000000080029b8                delay_init
 .text.delay_us
                0x0000000008002a00       0x30 out/tremo_delay.o
                0x0000000008002a00                delay_us
 .text.delay_ms
                0x0000000008002a30        0xa out/tremo_delay.o
                0x0000000008002a30                delay_ms
 *fill*         0x0000000008002a3a        0x2 
 .text.gpio_init
                0x0000000008002a3c      0x124 out/tremo_gpio.o
                0x0000000008002a3c                gpio_init
 .text.gpio_set_iomux
                0x0000000008002b60       0x44 out/tremo_gpio.o
                0x0000000008002b60                gpio_set_iomux
 .text.pwr_xo32k_lpm_cmd
                0x0000000008002ba4       0x18 out/tremo_pwr.o
                0x0000000008002ba4                pwr_xo32k_lpm_cmd
 .text.rcc_get_clk_freq
                0x0000000008002bbc       0x9c out/tremo_rcc.o
                0x0000000008002bbc                rcc_get_clk_freq
 .text.rcc_get_uart0_clk_source
                0x0000000008002c58        0xc out/tremo_rcc.o
                0x0000000008002c58                rcc_get_uart0_clk_source
 .text.rcc_get_uart1_clk_source
                0x0000000008002c64        0xc out/tremo_rcc.o
                0x0000000008002c64                rcc_get_uart1_clk_source
 .text.rcc_get_uart2_clk_source
                0x0000000008002c70        0xc out/tremo_rcc.o
                0x0000000008002c70                rcc_get_uart2_clk_source
 .text.rcc_get_uart3_clk_source
                0x0000000008002c7c        0xc out/tremo_rcc.o
                0x0000000008002c7c                rcc_get_uart3_clk_source
 .text.rcc_get_rtc_clk_source
                0x0000000008002c88        0xc out/tremo_rcc.o
                0x0000000008002c88                rcc_get_rtc_clk_source
 .text.rcc_enable_peripheral_clk
                0x0000000008002c94      0x4b4 out/tremo_rcc.o
                0x0000000008002c94                rcc_enable_peripheral_clk
 .text.rcc_enable_oscillator
                0x0000000008003148       0xfc out/tremo_rcc.o
                0x0000000008003148                rcc_enable_oscillator
 .text.rcc_rst_peripheral
                0x0000000008003244       0x4a out/tremo_rcc.o
                0x0000000008003244                rcc_rst_peripheral
 .text.rtc_deinit
                0x000000000800328e       0x1e out/tremo_rtc.o
                0x000000000800328e                rtc_deinit
 .text.rtc_check_syn
                0x00000000080032ac       0x14 out/tremo_rtc.o
                0x00000000080032ac                rtc_check_syn
 .text.rtc_calendar_cmd
                0x00000000080032c0       0x20 out/tremo_rtc.o
                0x00000000080032c0                rtc_calendar_cmd
 .text.rtc_cyc_cmd
                0x00000000080032e0       0x20 out/tremo_rtc.o
                0x00000000080032e0                rtc_cyc_cmd
 .text.rtc_config_cyc_wakeup
                0x0000000008003300       0x24 out/tremo_rtc.o
                0x0000000008003300                rtc_config_cyc_wakeup
 .text.rtc_get_calendar
                0x0000000008003324       0xdc out/tremo_rtc.o
                0x0000000008003324                rtc_get_calendar
 .text.rtc_set_status
                0x0000000008003400       0x30 out/tremo_rtc.o
                0x0000000008003400                rtc_set_status
 .text.rtc_get_status
                0x0000000008003430       0x38 out/tremo_rtc.o
                0x0000000008003430                rtc_get_status
 .text.rtc_config_interrupt
                0x0000000008003468       0x38 out/tremo_rtc.o
                0x0000000008003468                rtc_config_interrupt
 .text.rtc_config_cyc_max
                0x00000000080034a0       0x14 out/tremo_rtc.o
                0x00000000080034a0                rtc_config_cyc_max
 .text.uart_send_data
                0x00000000080034b4        0xa out/tremo_uart.o
                0x00000000080034b4                uart_send_data
 .text.uart_config_init
                0x00000000080034be       0x16 out/tremo_uart.o
                0x00000000080034be                uart_config_init
 .text.uart_cmd
                0x00000000080034d4       0x12 out/tremo_uart.o
                0x00000000080034d4                uart_cmd
 *fill*         0x00000000080034e6        0x2 
 .text.uart_init
                0x00000000080034e8      0x140 out/tremo_uart.o
                0x00000000080034e8                uart_init
 .text.DelayMs  0x0000000008003628        0x4 out/delay.o
                0x0000000008003628                DelayMs
 .text.TimeStampsUpdate
                0x000000000800362c       0x2c out/timer.o
 .text.TimerInsertNewHeadTimer
                0x0000000008003658       0x1c out/timer.o
 .text.TimerSetSysTime
                0x0000000008003674       0x30 out/timer.o
                0x0000000008003674                TimerSetSysTime
 .text.TimerInit
                0x00000000080036a4        0xe out/timer.o
                0x00000000080036a4                TimerInit
 *fill*         0x00000000080036b2        0x2 
 .text.TimerStart
                0x00000000080036b4       0x78 out/timer.o
                0x00000000080036b4                TimerStart
 .text.TimerIrqHandler
                0x000000000800372c       0x68 out/timer.o
                0x000000000800372c                TimerIrqHandler
 .text.TimerStop
                0x0000000008003794       0x60 out/timer.o
                0x0000000008003794                TimerStop
 .text.TimerSetValue
                0x00000000080037f4       0x10 out/timer.o
                0x00000000080037f4                TimerSetValue
 .text.TimerGetCurrentTime
                0x0000000008003804       0x18 out/timer.o
                0x0000000008003804                TimerGetCurrentTime
 .text.TimerGetSysTime
                0x000000000800381c       0x2c out/timer.o
                0x000000000800381c                TimerGetSysTime
 .text.TimerGetElapsedTime
                0x0000000008003848       0x12 out/timer.o
                0x0000000008003848                TimerGetElapsedTime
 .text.AES_CMAC_Init
                0x000000000800385a       0x14 out/cmac.o
                0x000000000800385a                AES_CMAC_Init
 .text.AES_CMAC_SetKey
                0x000000000800386e        0xc out/cmac.o
                0x000000000800386e                AES_CMAC_SetKey
 .text.AES_CMAC_Update
                0x000000000800387a       0xb0 out/cmac.o
                0x000000000800387a                AES_CMAC_Update
 .text.AES_CMAC_Final
                0x000000000800392a      0x168 out/cmac.o
                0x000000000800392a                AES_CMAC_Final
 .text.RadioCheckRfFrequency
                0x0000000008003a92        0x4 out/radio.o
                0x0000000008003a92                RadioCheckRfFrequency
 *fill*         0x0000000008003a96        0x2 
 .text.RadioOnTxTimeoutIrq
                0x0000000008003a98       0x14 out/radio.o
                0x0000000008003a98                RadioOnTxTimeoutIrq
 .text.RadioOnRxTimeoutIrq
                0x0000000008003aac       0x14 out/radio.o
                0x0000000008003aac                RadioOnRxTimeoutIrq
 .text.RadioStandby
                0x0000000008003ac0        0x6 out/radio.o
                0x0000000008003ac0                RadioStandby
 *fill*         0x0000000008003ac6        0x2 
 .text.RadioInit
                0x0000000008003ac8       0x6c out/radio.o
                0x0000000008003ac8                RadioInit
 .text.RadioGetStatus
                0x0000000008003b34       0x18 out/radio.o
                0x0000000008003b34                RadioGetStatus
 .text.RadioSetChannel
                0x0000000008003b4c        0x4 out/radio.o
                0x0000000008003b4c                RadioSetChannel
 .text.RadioRssi
                0x0000000008003b50        0xa out/radio.o
                0x0000000008003b50                RadioRssi
 .text.RadioRead
                0x0000000008003b5a        0x4 out/radio.o
                0x0000000008003b5a                RadioRead
 .text.RadioWrite
                0x0000000008003b5e        0x4 out/radio.o
                0x0000000008003b5e                RadioWrite
 *fill*         0x0000000008003b62        0x2 
 .text.RadioSend
                0x0000000008003b64       0x58 out/radio.o
                0x0000000008003b64                RadioSend
 .text.RadioSleep
                0x0000000008003bbc       0x14 out/radio.o
                0x0000000008003bbc                RadioSleep
 .text.RadioSetRxDutyCycle
                0x0000000008003bd0        0x4 out/radio.o
                0x0000000008003bd0                RadioSetRxDutyCycle
 .text.RadioStartCad
                0x0000000008003bd4       0x6c out/radio.o
                0x0000000008003bd4                RadioStartCad
 .text.RadioSetTxContinuousWave
                0x0000000008003c40       0x4c out/radio.o
                0x0000000008003c40                RadioSetTxContinuousWave
 .text.RadioWriteBuffer
                0x0000000008003c8c        0x4 out/radio.o
                0x0000000008003c8c                RadioWriteBuffer
 .text.RadioReadBuffer
                0x0000000008003c90        0x4 out/radio.o
                0x0000000008003c90                RadioReadBuffer
 .text.RadioGetWakeupTime
                0x0000000008003c94        0xa out/radio.o
                0x0000000008003c94                RadioGetWakeupTime
 *fill*         0x0000000008003c9e        0x2 
 .text.RadioOnCadTimeoutIrq
                0x0000000008003ca0       0x20 out/radio.o
                0x0000000008003ca0                RadioOnCadTimeoutIrq
 .text.RadioGetFskBandwidthRegValue
                0x0000000008003cc0       0x34 out/radio.o
 .text.RadioSetMaxPayloadLength
                0x0000000008003cf4       0x30 out/radio.o
                0x0000000008003cf4                RadioSetMaxPayloadLength
 .text.RadioRx  0x0000000008003d24       0x48 out/radio.o
                0x0000000008003d24                RadioRx
 .text.RadioRxBoosted
                0x0000000008003d6c       0x44 out/radio.o
                0x0000000008003d6c                RadioRxBoosted
 .text.RadioIrqProcess
                0x0000000008003db0      0x178 out/radio.o
                0x0000000008003db0                RadioIrqProcess
 .text.RadioSetPublicNetwork
                0x0000000008003f28       0x40 out/radio.o
                0x0000000008003f28                RadioSetPublicNetwork
 .text.RadioSetModem.part.0
                0x0000000008003f68       0x28 out/radio.o
 .text.RadioSetModem
                0x0000000008003f90       0x24 out/radio.o
                0x0000000008003f90                RadioSetModem
 .text.RadioIsChannelFree
                0x0000000008003fb4       0x4c out/radio.o
                0x0000000008003fb4                RadioIsChannelFree
 .text.RadioRandom
                0x0000000008004000       0x3c out/radio.o
                0x0000000008004000                RadioRandom
 .text.RadioSymbTime
                0x000000000800403c       0x2c out/radio.o
                0x000000000800403c                RadioSymbTime
 .text.RadioSetRxConfig
                0x0000000008004068      0x228 out/radio.o
                0x0000000008004068                RadioSetRxConfig
 .text.RadioSetTxConfig
                0x0000000008004290      0x1ac out/radio.o
                0x0000000008004290                RadioSetTxConfig
 *fill*         0x000000000800443c        0x4 
 .text.RadioTimeOnAir
                0x0000000008004440      0x198 out/radio.o
                0x0000000008004440                RadioTimeOnAir
 .text.RadioOnDioIrq
                0x00000000080045d8       0x24 out/radio.o
                0x00000000080045d8                RadioOnDioIrq
 .text.SX126xGetOperatingMode
                0x00000000080045fc        0xc out/sx126x.o
                0x00000000080045fc                SX126xGetOperatingMode
 .text.SX126xSetOperatingMode
                0x0000000008004608        0xc out/sx126x.o
                0x0000000008004608                SX126xSetOperatingMode
 .text.SX126xCheckDeviceReady
                0x0000000008004614       0x38 out/sx126x.o
                0x0000000008004614                SX126xCheckDeviceReady
 .text.SX126xSetPayload
                0x000000000800464c        0xa out/sx126x.o
                0x000000000800464c                SX126xSetPayload
 .text.SX126xSetSyncWord
                0x0000000008004656       0x12 out/sx126x.o
                0x0000000008004656                SX126xSetSyncWord
 .text.SX126xSetCrcSeed
                0x0000000008004668       0x28 out/sx126x.o
                0x0000000008004668                SX126xSetCrcSeed
 .text.SX126xSetCrcPolynomial
                0x0000000008004690       0x28 out/sx126x.o
                0x0000000008004690                SX126xSetCrcPolynomial
 .text.SX126xSetWhiteningSeed
                0x00000000080046b8       0x38 out/sx126x.o
                0x00000000080046b8                SX126xSetWhiteningSeed
 .text.SX126xSetSleep
                0x00000000080046f0       0x24 out/sx126x.o
                0x00000000080046f0                SX126xSetSleep
 .text.SX126xSetStandby
                0x0000000008004714       0x2c out/sx126x.o
                0x0000000008004714                SX126xSetStandby
 .text.SX126xSetTx
                0x0000000008004740       0x2c out/sx126x.o
                0x0000000008004740                SX126xSetTx
 .text.SX126xSendPayload
                0x000000000800476c       0x12 out/sx126x.o
                0x000000000800476c                SX126xSendPayload
 *fill*         0x000000000800477e        0x2 
 .text.SX126xSetRx
                0x0000000008004780       0x2c out/sx126x.o
                0x0000000008004780                SX126xSetRx
 .text.SX126xSetRxBoosted
                0x00000000080047ac       0x38 out/sx126x.o
                0x00000000080047ac                SX126xSetRxBoosted
 .text.SX126xSetRxDutyCycle
                0x00000000080047e4       0x3c out/sx126x.o
                0x00000000080047e4                SX126xSetRxDutyCycle
 .text.SX126xSetCad
                0x0000000008004820       0x18 out/sx126x.o
                0x0000000008004820                SX126xSetCad
 .text.SX126xSetTxContinuousWave
                0x0000000008004838        0xa out/sx126x.o
                0x0000000008004838                SX126xSetTxContinuousWave
 .text.SX126xSetStopRxTimerOnPreambleDetect
                0x0000000008004842       0x18 out/sx126x.o
                0x0000000008004842                SX126xSetStopRxTimerOnPreambleDetect
 .text.SX126xSetLoRaSymbNumTimeout
                0x000000000800485a       0x18 out/sx126x.o
                0x000000000800485a                SX126xSetLoRaSymbNumTimeout
 .text.SX126xSetRegulatorMode
                0x0000000008004872       0x18 out/sx126x.o
                0x0000000008004872                SX126xSetRegulatorMode
 *fill*         0x000000000800488a        0x2 
 .text.SX126xCalibrateImage
                0x000000000800488c       0x78 out/sx126x.o
                0x000000000800488c                SX126xCalibrateImage
 .text.SX126xSetPaConfig
                0x0000000008004904       0x24 out/sx126x.o
                0x0000000008004904                SX126xSetPaConfig
 .text.SX126xSetDioIrqParams
                0x0000000008004928       0x38 out/sx126x.o
                0x0000000008004928                SX126xSetDioIrqParams
 .text.SX126xGetIrqStatus
                0x0000000008004960       0x1a out/sx126x.o
                0x0000000008004960                SX126xGetIrqStatus
 .text.SX126xSetDio2AsRfSwitchCtrl
                0x000000000800497a       0x18 out/sx126x.o
                0x000000000800497a                SX126xSetDio2AsRfSwitchCtrl
 *fill*         0x0000000008004992        0x2 
 .text.SX126xInit
                0x0000000008004994       0x28 out/sx126x.o
                0x0000000008004994                SX126xInit
 *fill*         0x00000000080049bc        0x4 
 .text.SX126xSetRfFrequency
                0x00000000080049c0       0x5c out/sx126x.o
                0x00000000080049c0                SX126xSetRfFrequency
 .text.SX126xSetPacketType
                0x0000000008004a1c       0x20 out/sx126x.o
                0x0000000008004a1c                SX126xSetPacketType
 .text.SX126xGetPacketType
                0x0000000008004a3c        0xc out/sx126x.o
                0x0000000008004a3c                SX126xGetPacketType
 .text.SX126xSetTxParams
                0x0000000008004a48       0xbc out/sx126x.o
                0x0000000008004a48                SX126xSetTxParams
 *fill*         0x0000000008004b04        0x4 
 .text.SX126xSetModulationParams
                0x0000000008004b08       0xcc out/sx126x.o
                0x0000000008004b08                SX126xSetModulationParams
 .text.SX126xSetPacketParams
                0x0000000008004bd4       0xcc out/sx126x.o
                0x0000000008004bd4                SX126xSetPacketParams
 .text.SX126xSetCadParams
                0x0000000008004ca0       0x3c out/sx126x.o
                0x0000000008004ca0                SX126xSetCadParams
 .text.SX126xSetBufferBaseAddress
                0x0000000008004cdc       0x1a out/sx126x.o
                0x0000000008004cdc                SX126xSetBufferBaseAddress
 .text.SX126xGetRssiInst
                0x0000000008004cf6       0x1a out/sx126x.o
                0x0000000008004cf6                SX126xGetRssiInst
 .text.SX126xGetRxBufferStatus
                0x0000000008004d10       0x48 out/sx126x.o
                0x0000000008004d10                SX126xGetRxBufferStatus
 .text.SX126xGetPayload
                0x0000000008004d58       0x32 out/sx126x.o
                0x0000000008004d58                SX126xGetPayload
 *fill*         0x0000000008004d8a        0x2 
 .text.SX126xGetPacketStatus
                0x0000000008004d8c       0x80 out/sx126x.o
                0x0000000008004d8c                SX126xGetPacketStatus
 .text.SX126xClearIrqStatus
                0x0000000008004e0c       0x1c out/sx126x.o
                0x0000000008004e0c                SX126xClearIrqStatus
 .text.RtcInit  0x0000000008004e28       0x30 out/rtc-board.o
                0x0000000008004e28                RtcInit
 .text.RtcSetTimeout
                0x0000000008004e58       0x8c out/rtc-board.o
                0x0000000008004e58                RtcSetTimeout
 .text.RtcStopTimeout
                0x0000000008004ee4       0x14 out/rtc-board.o
                0x0000000008004ee4                RtcStopTimeout
 .text.RtcGetTimerContext
                0x0000000008004ef8        0xc out/rtc-board.o
                0x0000000008004ef8                RtcGetTimerContext
 .text.RtcGetTimerValue
                0x0000000008004f04      0x10c out/rtc-board.o
                0x0000000008004f04                RtcGetTimerValue
 .text.RtcSetTimerContext
                0x0000000008005010       0x18 out/rtc-board.o
                0x0000000008005010                RtcSetTimerContext
 .text.RtcGetElapsedTime
                0x0000000008005028       0x18 out/rtc-board.o
                0x0000000008005028                RtcGetElapsedTime
 .text.RtcOnIrq
                0x0000000008005040       0x32 out/rtc-board.o
                0x0000000008005040                RtcOnIrq
 .text.BoardDisableIrq
                0x0000000008005072        0x4 out/sx1262-board.o
                0x0000000008005072                BoardDisableIrq
 .text.BoardEnableIrq
                0x0000000008005076        0x4 out/sx1262-board.o
                0x0000000008005076                BoardEnableIrq
 *fill*         0x000000000800507a        0x2 
 .text.SpiInOut
                0x000000000800507c       0x18 out/sx1262-board.o
                0x000000000800507c                SpiInOut
 .text.SX126xLoracInit
                0x0000000008005094       0x5c out/sx1262-board.o
                0x0000000008005094                SX126xLoracInit
 .text.SX126xGetBoardTcxoWakeupTime
                0x00000000080050f0        0x4 out/sx1262-board.o
                0x00000000080050f0                SX126xGetBoardTcxoWakeupTime
 .text.SX126xReset
                0x00000000080050f4       0x54 out/sx1262-board.o
                0x00000000080050f4                SX126xReset
 .text.SX126xWaitOnBusy
                0x0000000008005148       0x18 out/sx1262-board.o
                0x0000000008005148                SX126xWaitOnBusy
 .text.SX126xWakeup
                0x0000000008005160       0x30 out/sx1262-board.o
                0x0000000008005160                SX126xWakeup
 .text.SX126xWriteCommand
                0x0000000008005190       0x44 out/sx1262-board.o
                0x0000000008005190                SX126xWriteCommand
 .text.SX126xReadCommand
                0x00000000080051d4       0x48 out/sx1262-board.o
                0x00000000080051d4                SX126xReadCommand
 .text.SX126xWriteRegisters
                0x000000000800521c       0x48 out/sx1262-board.o
                0x000000000800521c                SX126xWriteRegisters
 .text.SX126xWriteRegister
                0x0000000008005264       0x16 out/sx1262-board.o
                0x0000000008005264                SX126xWriteRegister
 *fill*         0x000000000800527a        0x2 
 .text.SX126xReadRegisters
                0x000000000800527c       0x50 out/sx1262-board.o
                0x000000000800527c                SX126xReadRegisters
 .text.SX126xReadRegister
                0x00000000080052cc       0x16 out/sx1262-board.o
                0x00000000080052cc                SX126xReadRegister
 *fill*         0x00000000080052e2        0x2 
 .text.SX126xWriteBuffer
                0x00000000080052e4       0x44 out/sx1262-board.o
                0x00000000080052e4                SX126xWriteBuffer
 .text.SX126xReadBuffer
                0x0000000008005328       0x4c out/sx1262-board.o
                0x0000000008005328                SX126xReadBuffer
 .text.SX126xSetRfTxPower
                0x0000000008005374        0x6 out/sx1262-board.o
                0x0000000008005374                SX126xSetRfTxPower
 .text.SX126xGetPaSelect
                0x000000000800537a        0x4 out/sx1262-board.o
                0x000000000800537a                SX126xGetPaSelect
 *fill*         0x000000000800537e        0x2 
 .text.SX126xAntSwOn
                0x0000000008005380       0x10 out/sx1262-board.o
                0x0000000008005380                SX126xAntSwOn
 .text.SX126xAntSwOff
                0x0000000008005390       0x10 out/sx1262-board.o
                0x0000000008005390                SX126xAntSwOff
 .text.rand1    0x00000000080053a0       0x28 out/utilities.o
                0x00000000080053a0                rand1
 .text.srand1   0x00000000080053c8        0xc out/utilities.o
                0x00000000080053c8                srand1
 .text.randr    0x00000000080053d4       0x1a out/utilities.o
                0x00000000080053d4                randr
 .text.memcpy1  0x00000000080053ee       0x14 out/utilities.o
                0x00000000080053ee                memcpy1
 .text.memcpyr  0x0000000008005402       0x14 out/utilities.o
                0x0000000008005402                memcpyr
 .text.memset1  0x0000000008005416        0x4 out/utilities.o
                0x0000000008005416                memset1
 *fill*         0x000000000800541a        0x2 
 .text.SetMlmeScheduleUplinkIndication
                0x000000000800541c       0x14 out/LoRaMac.o
 .text.AddMacCommand
                0x0000000008005430      0x17c out/LoRaMac.o
 .text.ResetMacParameters
                0x00000000080055ac       0x90 out/LoRaMac.o
 .text.ValidatePayloadLength
                0x000000000800563c       0x54 out/LoRaMac.o
 .text.OnAckTimeoutTimerEvent
                0x0000000008005690       0x3c out/LoRaMac.o
 .text.PrepareRxDoneAbort
                0x00000000080056cc       0x54 out/LoRaMac.o
 .text.ProcessMacCommands
                0x0000000008005720      0x484 out/LoRaMac.o
 .text.OnRadioRxDone
                0x0000000008005ba4      0x570 out/LoRaMac.o
 .text.RxWindowSetup
                0x0000000008006114       0x14 out/LoRaMac.o
 .text.OnRxWindow2TimerEvent
                0x0000000008006128       0x70 out/LoRaMac.o
 .text.OpenContinuousRx2Window
                0x0000000008006198       0x14 out/LoRaMac.o
 .text.OnRadioRxTimeout
                0x00000000080061ac       0xd4 out/LoRaMac.o
 .text.OnRadioTxTimeout
                0x0000000008006280       0x34 out/LoRaMac.o
 .text.OnRadioRxError
                0x00000000080062b4       0xd4 out/LoRaMac.o
 .text.OnRadioTxDone
                0x0000000008006388      0x124 out/LoRaMac.o
 .text.OnRxWindow1TimerEvent
                0x00000000080064ac       0x70 out/LoRaMac.o
 .text.PrepareFrame
                0x000000000800651c      0x374 out/LoRaMac.o
                0x000000000800651c                PrepareFrame
 .text.SendFrameOnChannel
                0x0000000008006890      0x118 out/LoRaMac.o
                0x0000000008006890                SendFrameOnChannel
 .text.ScheduleTx
                0x00000000080069a8      0x19c out/LoRaMac.o
 .text.Send     0x0000000008006b44       0x50 out/LoRaMac.o
                0x0000000008006b44                Send
 .text.OnTxDelayedTimerEvent
                0x0000000008006b94       0x70 out/LoRaMac.o
 .text.OnMacStateCheckTimerEvent
                0x0000000008006c04      0x320 out/LoRaMac.o
 .text.SetTxContinuousWave
                0x0000000008006f24       0x60 out/LoRaMac.o
                0x0000000008006f24                SetTxContinuousWave
 .text.SetTxContinuousWave1
                0x0000000008006f84       0x40 out/LoRaMac.o
                0x0000000008006f84                SetTxContinuousWave1
 .text.LoRaMacInitialization
                0x0000000008006fc4      0x314 out/LoRaMac.o
                0x0000000008006fc4                LoRaMacInitialization
 .text.LoRaMacQueryTxPossible
                0x00000000080072d8       0xcc out/LoRaMac.o
                0x00000000080072d8                LoRaMacQueryTxPossible
 .text.LoRaMacMibGetRequestConfirm
                0x00000000080073a4      0x168 out/LoRaMac.o
                0x00000000080073a4                LoRaMacMibGetRequestConfirm
 .text.LoRaMacMulticastChannelLink
                0x000000000800750c       0x40 out/LoRaMac.o
                0x000000000800750c                LoRaMacMulticastChannelLink
 .text.LoRaMacMulticastChannelUnlink
                0x000000000800754c       0x44 out/LoRaMac.o
                0x000000000800754c                LoRaMacMulticastChannelUnlink
 .text.LoRaMacMibSetRequestConfirm
                0x0000000008007590      0x354 out/LoRaMac.o
                0x0000000008007590                LoRaMacMibSetRequestConfirm
 .text.LoRaMacMlmeRequest
                0x00000000080078e4      0x21c out/LoRaMac.o
                0x00000000080078e4                LoRaMacMlmeRequest
 .text.LoRaMacMcpsRequest
                0x0000000008007b00      0x120 out/LoRaMac.o
                0x0000000008007b00                LoRaMacMcpsRequest
 .text.LoRaMacClassBInit
                0x0000000008007c20        0x2 out/LoRaMacClassB.o
                0x0000000008007c20                LoRaMacClassBInit
 .text.LoRaMacClassBSetBeaconState
                0x0000000008007c22        0x2 out/LoRaMacClassB.o
                0x0000000008007c22                LoRaMacClassBSetBeaconState
 .text.LoRaMacClassBSetPingSlotState
                0x0000000008007c24        0x2 out/LoRaMacClassB.o
                0x0000000008007c24                LoRaMacClassBSetPingSlotState
 .text.LoRaMacClassBSetMulticastSlotState
                0x0000000008007c26        0x2 out/LoRaMacClassB.o
                0x0000000008007c26                LoRaMacClassBSetMulticastSlotState
 .text.LoRaMacClassBIsAcquisitionInProgress
                0x0000000008007c28        0x4 out/LoRaMacClassB.o
                0x0000000008007c28                LoRaMacClassBIsAcquisitionInProgress
 .text.LoRaMacClassBBeaconTimerEvent
                0x0000000008007c2c        0x2 out/LoRaMacClassB.o
                0x0000000008007c2c                LoRaMacClassBBeaconTimerEvent
 .text.LoRaMacClassBPingSlotTimerEvent
                0x0000000008007c2e        0x2 out/LoRaMacClassB.o
                0x0000000008007c2e                LoRaMacClassBPingSlotTimerEvent
 .text.LoRaMacClassBMulticastSlotTimerEvent
                0x0000000008007c30        0x2 out/LoRaMacClassB.o
                0x0000000008007c30                LoRaMacClassBMulticastSlotTimerEvent
 .text.LoRaMacClassBRxBeacon
                0x0000000008007c32        0x4 out/LoRaMacClassB.o
                0x0000000008007c32                LoRaMacClassBRxBeacon
 .text.LoRaMacClassBIsBeaconExpected
                0x0000000008007c36        0x4 out/LoRaMacClassB.o
                0x0000000008007c36                LoRaMacClassBIsBeaconExpected
 .text.LoRaMacClassBIsPingExpected
                0x0000000008007c3a        0x4 out/LoRaMacClassB.o
                0x0000000008007c3a                LoRaMacClassBIsPingExpected
 .text.LoRaMacClassBIsMulticastExpected
                0x0000000008007c3e        0x4 out/LoRaMacClassB.o
                0x0000000008007c3e                LoRaMacClassBIsMulticastExpected
 .text.LoRaMacClassBIsBeaconModeActive
                0x0000000008007c42        0x4 out/LoRaMacClassB.o
                0x0000000008007c42                LoRaMacClassBIsBeaconModeActive
 .text.LoRaMacClassBSetPingSlotInfo
                0x0000000008007c46        0x2 out/LoRaMacClassB.o
                0x0000000008007c46                LoRaMacClassBSetPingSlotInfo
 .text.LoRaMacClassBHaltBeaconing
                0x0000000008007c48        0x2 out/LoRaMacClassB.o
                0x0000000008007c48                LoRaMacClassBHaltBeaconing
 .text.LoRaMacClassBResumeBeaconing
                0x0000000008007c4a        0x2 out/LoRaMacClassB.o
                0x0000000008007c4a                LoRaMacClassBResumeBeaconing
 .text.LoRaMacClassBSwitchClass
                0x0000000008007c4c        0x4 out/LoRaMacClassB.o
                0x0000000008007c4c                LoRaMacClassBSwitchClass
 .text.LoRaMacClassBMibGetRequestConfirm
                0x0000000008007c50        0x4 out/LoRaMacClassB.o
                0x0000000008007c50                LoRaMacClassBMibGetRequestConfirm
 .text.LoRaMacMibClassBSetRequestConfirm
                0x0000000008007c54        0x4 out/LoRaMacClassB.o
                0x0000000008007c54                LoRaMacMibClassBSetRequestConfirm
 .text.LoRaMacClassBPingSlotInfoAns
                0x0000000008007c58        0x2 out/LoRaMacClassB.o
                0x0000000008007c58                LoRaMacClassBPingSlotInfoAns
 .text.LoRaMacClassBPingSlotChannelReq
                0x0000000008007c5a        0x4 out/LoRaMacClassB.o
                0x0000000008007c5a                LoRaMacClassBPingSlotChannelReq
 .text.LoRaMacClassBBeaconTimingAns
                0x0000000008007c5e        0x2 out/LoRaMacClassB.o
                0x0000000008007c5e                LoRaMacClassBBeaconTimingAns
 .text.LoRaMacClassBDeviceTimeAns
                0x0000000008007c60        0x2 out/LoRaMacClassB.o
                0x0000000008007c60                LoRaMacClassBDeviceTimeAns
 .text.LoRaMacClassBBeaconFreqReq
                0x0000000008007c62        0x4 out/LoRaMacClassB.o
                0x0000000008007c62                LoRaMacClassBBeaconFreqReq
 .text.LoRaMacClassBIsUplinkCollision
                0x0000000008007c66        0x6 out/LoRaMacClassB.o
                0x0000000008007c66                LoRaMacClassBIsUplinkCollision
 .text.LoRaMacClassBStopRxSlots
                0x0000000008007c6c        0x2 out/LoRaMacClassB.o
                0x0000000008007c6c                LoRaMacClassBStopRxSlots
 .text.LoRaMacClassBSetMulticastPeriodicity
                0x0000000008007c6e        0x2 out/LoRaMacClassB.o
                0x0000000008007c6e                LoRaMacClassBSetMulticastPeriodicity
 .text.LoRaMacConfirmQueueInit
                0x0000000008007c70       0x28 out/LoRaMacConfirmQueue.o
                0x0000000008007c70                LoRaMacConfirmQueueInit
 .text.LoRaMacConfirmQueueAdd
                0x0000000008007c98       0x40 out/LoRaMacConfirmQueue.o
                0x0000000008007c98                LoRaMacConfirmQueueAdd
 .text.LoRaMacConfirmQueueRemoveLast
                0x0000000008007cd8       0x28 out/LoRaMacConfirmQueue.o
                0x0000000008007cd8                LoRaMacConfirmQueueRemoveLast
 .text.LoRaMacConfirmQueueRemoveFirst
                0x0000000008007d00       0x28 out/LoRaMacConfirmQueue.o
                0x0000000008007d00                LoRaMacConfirmQueueRemoveFirst
 .text.LoRaMacConfirmQueueSetStatus
                0x0000000008007d28       0x34 out/LoRaMacConfirmQueue.o
                0x0000000008007d28                LoRaMacConfirmQueueSetStatus
 .text.LoRaMacConfirmQueueGetStatus
                0x0000000008007d5c       0x30 out/LoRaMacConfirmQueue.o
                0x0000000008007d5c                LoRaMacConfirmQueueGetStatus
 .text.LoRaMacConfirmQueueSetStatusCmn
                0x0000000008007d8c       0x34 out/LoRaMacConfirmQueue.o
                0x0000000008007d8c                LoRaMacConfirmQueueSetStatusCmn
 .text.LoRaMacConfirmQueueGetStatusCmn
                0x0000000008007dc0        0xc out/LoRaMacConfirmQueue.o
                0x0000000008007dc0                LoRaMacConfirmQueueGetStatusCmn
 .text.LoRaMacConfirmQueueIsCmdActive
                0x0000000008007dcc       0x2c out/LoRaMacConfirmQueue.o
                0x0000000008007dcc                LoRaMacConfirmQueueIsCmdActive
 .text.LoRaMacConfirmQueueHandleCb
                0x0000000008007df8       0x54 out/LoRaMacConfirmQueue.o
                0x0000000008007df8                LoRaMacConfirmQueueHandleCb
 .text.LoRaMacConfirmQueueGetCnt
                0x0000000008007e4c        0xc out/LoRaMacConfirmQueue.o
                0x0000000008007e4c                LoRaMacConfirmQueueGetCnt
 .text.LoRaMacConfirmQueueIsFull
                0x0000000008007e58       0x14 out/LoRaMacConfirmQueue.o
                0x0000000008007e58                LoRaMacConfirmQueueIsFull
 .text.LoRaMacComputeMic
                0x0000000008007e6c       0x70 out/LoRaMacCrypto.o
                0x0000000008007e6c                LoRaMacComputeMic
 .text.LoRaMacPayloadEncrypt
                0x0000000008007edc       0xf4 out/LoRaMacCrypto.o
                0x0000000008007edc                LoRaMacPayloadEncrypt
 .text.LoRaMacPayloadDecrypt
                0x0000000008007fd0       0x10 out/LoRaMacCrypto.o
                0x0000000008007fd0                LoRaMacPayloadDecrypt
 .text.LoRaMacJoinComputeMic
                0x0000000008007fe0       0x3c out/LoRaMacCrypto.o
                0x0000000008007fe0                LoRaMacJoinComputeMic
 .text.LoRaMacJoinDecrypt
                0x000000000800801c       0x3e out/LoRaMacCrypto.o
                0x000000000800801c                LoRaMacJoinDecrypt
 .text.LoRaMacJoinComputeSKeys
                0x000000000800805a       0x86 out/LoRaMacCrypto.o
                0x000000000800805a                LoRaMacJoinComputeSKeys
 .text.RegionIsActive
                0x00000000080080e0        0x8 out/Region.o
                0x00000000080080e0                RegionIsActive
 .text.RegionGetPhyParam
                0x00000000080080e8       0x14 out/Region.o
                0x00000000080080e8                RegionGetPhyParam
 .text.RegionSetBandTxDone
                0x00000000080080fc        0xc out/Region.o
                0x00000000080080fc                RegionSetBandTxDone
 .text.RegionInitDefaults
                0x0000000008008108        0xc out/Region.o
                0x0000000008008108                RegionInitDefaults
 .text.RegionVerify
                0x0000000008008114       0x12 out/Region.o
                0x0000000008008114                RegionVerify
 .text.RegionApplyCFList
                0x0000000008008126        0xc out/Region.o
                0x0000000008008126                RegionApplyCFList
 .text.RegionChanMaskSet
                0x0000000008008132        0xe out/Region.o
                0x0000000008008132                RegionChanMaskSet
 .text.RegionAdrNext
                0x0000000008008140       0x20 out/Region.o
                0x0000000008008140                RegionAdrNext
 .text.RegionComputeRxWindowParameters
                0x0000000008008160       0x1e out/Region.o
                0x0000000008008160                RegionComputeRxWindowParameters
 .text.RegionRxConfig
                0x000000000800817e       0x12 out/Region.o
                0x000000000800817e                RegionRxConfig
 .text.RegionTxConfig
                0x0000000008008190       0x1e out/Region.o
                0x0000000008008190                RegionTxConfig
 .text.RegionLinkAdrReq
                0x00000000080081ae       0x20 out/Region.o
                0x00000000080081ae                RegionLinkAdrReq
 .text.RegionRxParamSetupReq
                0x00000000080081ce        0xe out/Region.o
                0x00000000080081ce                RegionRxParamSetupReq
 .text.RegionNewChannelReq
                0x00000000080081dc        0xe out/Region.o
                0x00000000080081dc                RegionNewChannelReq
 .text.RegionTxParamSetupReq
                0x00000000080081ea        0xe out/Region.o
                0x00000000080081ea                RegionTxParamSetupReq
 .text.RegionDlChannelReq
                0x00000000080081f8        0xe out/Region.o
                0x00000000080081f8                RegionDlChannelReq
 .text.RegionAlternateDr
                0x0000000008008206        0xe out/Region.o
                0x0000000008008206                RegionAlternateDr
 .text.RegionCalcBackOff
                0x0000000008008214        0xc out/Region.o
                0x0000000008008214                RegionCalcBackOff
 .text.RegionNextChannel
                0x0000000008008220       0x20 out/Region.o
                0x0000000008008220                RegionNextChannel
 .text.RegionSetContinuousWave
                0x0000000008008240        0xc out/Region.o
                0x0000000008008240                RegionSetContinuousWave
 .text.RegionApplyDrOffset
                0x000000000800824c       0x1e out/Region.o
                0x000000000800824c                RegionApplyDrOffset
 *fill*         0x000000000800826a        0x2 
 .text.RegionCommonGetJoinDc
                0x000000000800826c       0x28 out/RegionCommon.o
                0x000000000800826c                RegionCommonGetJoinDc
 .text.RegionCommonChanVerifyDr
                0x0000000008008294       0x66 out/RegionCommon.o
                0x0000000008008294                RegionCommonChanVerifyDr
 .text.RegionCommonValueInRange
                0x00000000080082fa       0x12 out/RegionCommon.o
                0x00000000080082fa                RegionCommonValueInRange
 .text.RegionCommonCountChannels
                0x000000000800830c       0x3c out/RegionCommon.o
                0x000000000800830c                RegionCommonCountChannels
 .text.RegionCommonChanMaskCopy
                0x0000000008008348       0x1e out/RegionCommon.o
                0x0000000008008348                RegionCommonChanMaskCopy
 .text.RegionCommonSetBandTxDone
                0x0000000008008366        0xe out/RegionCommon.o
                0x0000000008008366                RegionCommonSetBandTxDone
 *fill*         0x0000000008008374        0x4 
 .text.RegionCommonUpdateBandTimeOff
                0x0000000008008378      0x100 out/RegionCommon.o
                0x0000000008008378                RegionCommonUpdateBandTimeOff
 .text.RegionCommonParseLinkAdrReq
                0x0000000008008478       0x34 out/RegionCommon.o
                0x0000000008008478                RegionCommonParseLinkAdrReq
 .text.RegionCommonComputeSymbolTimeLoRa
                0x00000000080084ac       0x34 out/RegionCommon.o
                0x00000000080084ac                RegionCommonComputeSymbolTimeLoRa
 .text.RegionCommonComputeRxWindowParameters
                0x00000000080084e0       0xac out/RegionCommon.o
                0x00000000080084e0                RegionCommonComputeRxWindowParameters
 .text.RegionCommonComputeTxPower
                0x000000000800858c       0x30 out/RegionCommon.o
                0x000000000800858c                RegionCommonComputeTxPower
 .text.RegionCN470GetPhyParam
                0x00000000080085bc      0x108 out/RegionCN470.o
                0x00000000080085bc                RegionCN470GetPhyParam
 .text.RegionCN470SetBandTxDone
                0x00000000080086c4       0x2c out/RegionCN470.o
                0x00000000080086c4                RegionCN470SetBandTxDone
 .text.RegionCN470InitDefaults
                0x00000000080086f0       0x6c out/RegionCN470.o
                0x00000000080086f0                RegionCN470InitDefaults
 .text.RegionCN470Verify
                0x000000000800875c       0x3c out/RegionCN470.o
                0x000000000800875c                RegionCN470Verify
 .text.RegionCN470ApplyCFList
                0x0000000008008798        0x2 out/RegionCN470.o
                0x0000000008008798                RegionCN470ApplyCFList
 *fill*         0x000000000800879a        0x2 
 .text.RegionCN470ChanMaskSet
                0x000000000800879c       0x34 out/RegionCN470.o
                0x000000000800879c                RegionCN470ChanMaskSet
 .text.RegionCN470AdrNext
                0x00000000080087d0       0x80 out/RegionCN470.o
                0x00000000080087d0                RegionCN470AdrNext
 .text.RegionCN470ComputeRxWindowParameters
                0x0000000008008850       0x78 out/RegionCN470.o
                0x0000000008008850                RegionCN470ComputeRxWindowParameters
 .text.RegionCN470RxConfig
                0x00000000080088c8       0xac out/RegionCN470.o
                0x00000000080088c8                RegionCN470RxConfig
 .text.RegionCN470TxConfig
                0x0000000008008974       0xb8 out/RegionCN470.o
                0x0000000008008974                RegionCN470TxConfig
 .text.RegionCN470LinkAdrReq
                0x0000000008008a2c      0x12c out/RegionCN470.o
                0x0000000008008a2c                RegionCN470LinkAdrReq
 .text.RegionCN470RxParamSetupReq
                0x0000000008008b58       0x68 out/RegionCN470.o
                0x0000000008008b58                RegionCN470RxParamSetupReq
 .text.RegionCN470NewChannelReq
                0x0000000008008bc0        0x4 out/RegionCN470.o
                0x0000000008008bc0                RegionCN470NewChannelReq
 .text.RegionCN470TxParamSetupReq
                0x0000000008008bc4        0x6 out/RegionCN470.o
                0x0000000008008bc4                RegionCN470TxParamSetupReq
 .text.RegionCN470DlChannelReq
                0x0000000008008bca        0x4 out/RegionCN470.o
                0x0000000008008bca                RegionCN470DlChannelReq
 .text.RegionCN470AlternateDr
                0x0000000008008bce       0x3e out/RegionCN470.o
                0x0000000008008bce                RegionCN470AlternateDr
 .text.RegionCN470CalcBackOff
                0x0000000008008c0c       0x68 out/RegionCN470.o
                0x0000000008008c0c                RegionCN470CalcBackOff
 .text.RegionCN470NextChannel
                0x0000000008008c74      0x160 out/RegionCN470.o
                0x0000000008008c74                RegionCN470NextChannel
 .text.RegionCN470SetContinuousWave
                0x0000000008008dd4       0x4c out/RegionCN470.o
                0x0000000008008dd4                RegionCN470SetContinuousWave
 .text.RegionCN470ApplyDrOffset
                0x0000000008008e20        0xc out/RegionCN470.o
                0x0000000008008e20                RegionCN470ApplyDrOffset
 .text.Reset_Handler
                0x0000000008008e2c       0x48 out/startup_cm4.o
                0x0000000008008e2c                Reset_Handler
 .text.Default_Handler
                0x0000000008008e74        0x2 out/startup_cm4.o
                0x0000000008008e74                GPIO_IRQHandler
                0x0000000008008e74                SCC_IRQHandler
                0x0000000008008e74                TIMER2_IRQHandler
                0x0000000008008e74                EFC_IRQHandler
                0x0000000008008e74                I2C0_IRQHandler
                0x0000000008008e74                SAC_IRQHandler
                0x0000000008008e74                I2C1_IRQHandler
                0x0000000008008e74                UART1_IRQHandler
                0x0000000008008e74                BSTIMER0_IRQHandler
                0x0000000008008e74                TIMER3_IRQHandler
                0x0000000008008e74                UART0_IRQHandler
                0x0000000008008e74                SEC_IRQHandler
                0x0000000008008e74                WDG_IRQHandler
                0x0000000008008e74                LPTIMER1_IRQHandler
                0x0000000008008e74                LPTIMER0_IRQHandler
                0x0000000008008e74                SSP0_IRQHandler
                0x0000000008008e74                I2S_IRQHandler
                0x0000000008008e74                I2C2_IRQHandler
                0x0000000008008e74                TIMER0_IRQHandler
                0x0000000008008e74                LCD_IRQHandler
                0x0000000008008e74                LPUART_IRQHandler
                0x0000000008008e74                TIMER1_IRQHandler
                0x0000000008008e74                UART2_IRQHandler
                0x0000000008008e74                Default_Handler
                0x0000000008008e74                ADC_IRQHandler
                0x0000000008008e74                SSP1_IRQHandler
                0x0000000008008e74                DMA0_IRQHandler
                0x0000000008008e74                IWDG_IRQHandler
                0x0000000008008e74                SSP2_IRQHandler
                0x0000000008008e74                BSTIMER1_IRQHandler
                0x0000000008008e74                DAC_IRQHandler
                0x0000000008008e74                AFEC_IRQHandler
                0x0000000008008e74                UART3_IRQHandler
                0x0000000008008e74                QSPI_IRQHandler
                0x0000000008008e74                DMA1_IRQHandler
 *fill*         0x0000000008008e76        0x2 
 .text.startup  0x0000000008008e78       0x14 /usr/lib/gcc/arm-none-eabi/10.3.1/../../../arm-none-eabi/lib/thumb/v7e-m/nofp/libc.a(lib_a-__call_atexit.o)
 *(.glue_7)
 .glue_7        0x0000000008008e8c        0x0 linker stubs
 *(.glue_7t)
 .glue_7t       0x0000000008008e8c        0x0 linker stubs
 *(.eh_frame)
 .eh_frame      0x0000000008008e8c        0x0 /usr/lib/gcc/arm-none-eabi/10.3.1/thumb/v7e-m/nofp/crtbegin.o
 *(.init)
 .init          0x0000000008008e8c        0x4 /usr/lib/gcc/arm-none-eabi/10.3.1/thumb/v7e-m/nofp/crti.o
                0x0000000008008e8c                _init
 .init          0x0000000008008e90        0x8 /usr/lib/gcc/arm-none-eabi/10.3.1/thumb/v7e-m/nofp/crtn.o
 *(.fini)
 .fini          0x0000000008008e98        0x4 /usr/lib/gcc/arm-none-eabi/10.3.1/thumb/v7e-m/nofp/crti.o
                0x0000000008008e98                _fini
 .fini          0x0000000008008e9c        0x8 /usr/lib/gcc/arm-none-eabi/10.3.1/thumb/v7e-m/nofp/crtn.o
                0x0000000008008ea4                . = ALIGN (0x4)
                0x0000000008008ea4                _etext = .

.vfp11_veneer   0x0000000008008ea4        0x0
 .vfp11_veneer  0x0000000008008ea4        0x0 linker stubs

.v4_bx          0x0000000008008ea4        0x0
 .v4_bx         0x0000000008008ea4        0x0 linker stubs

.iplt           0x0000000008008ea4        0x0
 .iplt          0x0000000008008ea4        0x0 /usr/lib/gcc/arm-none-eabi/10.3.1/thumb/v7e-m/nofp/crtbegin.o

.rodata         0x0000000008008ea8      0x2f8
                0x0000000008008ea8                . = ALIGN (0x4)
 *(.rodata)
 .rodata        0x0000000008008ea8       0x50 out/printf-stdarg.o
 .rodata        0x0000000008008ef8        0xc out/tremo_uart.o
 *fill*         0x0000000008008f04        0x4 
 .rodata        0x0000000008008f08      0x188 out/radio.o
                0x0000000008008f08                FskBandwidths
                0x0000000008009018                Bandwidths
                0x0000000008009024                Radio
 .rodata        0x0000000008009090       0x11 out/sx126x.o
 .rodata        0x00000000080090a1       0x18 out/rtc-board.o
 .rodata        0x00000000080090b9       0x10 out/LoRaMac.o
 *fill*         0x00000000080090c9        0x3 
 .rodata        0x00000000080090cc       0x26 out/RegionCN470.o
 *fill*         0x00000000080090f2        0x2 
 .rodata        0x00000000080090f4       0x10 /home/aditya/ra-08h/Ai-Thinker-LoRaWAN-Ra-08/drivers/crypto/lib/libcrypto.a(aes.o)
 .rodata        0x0000000008009104        0x4 /usr/lib/gcc/arm-none-eabi/10.3.1/../../../arm-none-eabi/lib/thumb/v7e-m/nofp/libc.a(lib_a-impure.o)
                0x0000000008009104                _global_impure_ptr
 .rodata        0x0000000008009108       0x10 /usr/lib/gcc/arm-none-eabi/10.3.1/../../../arm-none-eabi/lib/thumb/v7e-m/nofp/libm.a(lib_a-s_rint.o)
 *(.rodata*)
 .rodata.str1.1
                0x0000000008009118       0x6c out/classC.o
                                         0x6f (size before relaxing)
 .rodata.str1.1
                0x0000000008009184       0x19 out/printf-stdarg.o
                0x00000000080091a0                . = ALIGN (0x4)
 *fill*         0x000000000800919d        0x3 

.ARM.extab
 *(.ARM.extab* .gnu.linkonce.armextab.*)

.ARM            0x00000000080091a0        0x8
                0x00000000080091a0                __exidx_start = .
 *(.ARM.exidx*)
 .ARM.exidx     0x00000000080091a0        0x8 /usr/lib/gcc/arm-none-eabi/10.3.1/thumb/v7e-m/nofp/libgcc.a(_udivmoddi4.o)
                0x00000000080091a8                __exidx_end = .

.rel.dyn        0x00000000080091a8        0x0
 .rel.iplt      0x00000000080091a8        0x0 /usr/lib/gcc/arm-none-eabi/10.3.1/thumb/v7e-m/nofp/crtbegin.o

.preinit_array  0x00000000080091a8        0x0
                0x00000000080091a8                PROVIDE (__preinit_array_start = .)
 *(.preinit_array*)
                0x00000000080091a8                PROVIDE (__preinit_array_end = .)

.init_array     0x00000000080091a8        0x8
                0x00000000080091a8                PROVIDE (__init_array_start = .)
 *(SORT_BY_NAME(.init_array.*))
 .init_array.00000
                0x00000000080091a8        0x4 /usr/lib/gcc/arm-none-eabi/10.3.1/../../../arm-none-eabi/lib/thumb/v7e-m/nofp/libc.a(lib_a-__call_atexit.o)
 *(.init_array*)
 .init_array    0x00000000080091ac        0x4 /usr/lib/gcc/arm-none-eabi/10.3.1/thumb/v7e-m/nofp/crtbegin.o
                0x00000000080091b0                PROVIDE (__init_array_end = .)

.fini_array     0x00000000080091b0        0x4
                0x00000000080091b0                PROVIDE (__fini_array_start = .)
 *(SORT_BY_NAME(.fini_array.*))
 *(.fini_array*)
 .fini_array    0x00000000080091b0        0x4 /usr/lib/gcc/arm-none-eabi/10.3.1/thumb/v7e-m/nofp/crtbegin.o
                0x00000000080091b4                PROVIDE (__fini_array_end = .)
                0x00000000080091b4                _sidata = LOADADDR (.data)

.data           0x0000000020000000      0x4a8 load address 0x00000000080091b4
                0x0000000020000000                . = ALIGN (0x4)
                0x0000000020000000                _sdata = .
 *(.data)
 .data          0x0000000020000000       0x28 out/classC.o
 .data          0x0000000020000028        0x1 out/radio.o
                0x0000000020000028                MaxPayloadLength
 *fill*         0x0000000020000029        0x3 
 .data          0x000000002000002c        0x4 out/utilities.o
 .data          0x0000000020000030        0x3 out/LoRaMac.o
 .data          0x0000000020000033       0x20 out/LoRaMacCrypto.o
 *fill*         0x0000000020000053        0x5 
 .data          0x0000000020000058       0x20 out/RegionCN470.o
 .data          0x0000000020000078      0x430 /usr/lib/gcc/arm-none-eabi/10.3.1/../../../arm-none-eabi/lib/thumb/v7e-m/nofp/libc.a(lib_a-impure.o)
                0x0000000020000078                _impure_ptr
 *(.data*)
                0x00000000200004a8                . = ALIGN (0x4)
                0x00000000200004a8                _edata = .

.tm_clone_table
                0x00000000200004a8        0x0 load address 0x000000000800965c
 .tm_clone_table
                0x00000000200004a8        0x0 /usr/lib/gcc/arm-none-eabi/10.3.1/thumb/v7e-m/nofp/crtbegin.o
 .tm_clone_table
                0x00000000200004a8        0x0 /usr/lib/gcc/arm-none-eabi/10.3.1/thumb/v7e-m/nofp/crtend.o

.igot.plt       0x00000000200004a8        0x0 load address 0x000000000800965c
 .igot.plt      0x00000000200004a8        0x0 /usr/lib/gcc/arm-none-eabi/10.3.1/thumb/v7e-m/nofp/crtbegin.o
                0x00000000200004a8                . = ALIGN (0x4)

.bss            0x00000000200004a8      0xc90 load address 0x000000000800965c
                0x00000000200004a8                _sbss = .
                0x00000000200004a8                __bss_start__ = _sbss
 *(.bss)
 .bss           0x00000000200004a8       0x1c /usr/lib/gcc/arm-none-eabi/10.3.1/thumb/v7e-m/nofp/crtbegin.o
 .bss           0x00000000200004c4       0x28 out/classC.o
 .bss           0x00000000200004ec        0x1 out/tremo_delay.o
 *fill*         0x00000000200004ed        0x3 
 .bss           0x00000000200004f0       0x11 out/timer.o
                0x0000000020000500                HasLoopedThroughMain
 *fill*         0x0000000020000501        0x3 
 .bss           0x0000000020000504      0x1a6 out/radio.o
                0x0000000020000508                TxTimeoutTimer
                0x000000002000051c                RxTimeoutTimer
                0x0000000020000530                CadTimeoutTimer
                0x0000000020000544                IrqFired
                0x0000000020000548                SX126x
                0x0000000020000584                TxTimeout
                0x0000000020000588                RxContinuous
                0x000000002000058c                RxTimeout
                0x0000000020000590                irqRegs
                0x0000000020000592                RadioRxPayload
                0x0000000020000694                RadioPktStatus
 *fill*         0x00000000200006aa        0x2 
 .bss           0x00000000200006ac        0x8 out/sx126x.o
                0x00000000200006b0                FrequencyError
 *fill*         0x00000000200006b4        0x4 
 .bss           0x00000000200006b8       0x1d out/rtc-board.o
                0x00000000200006bc                RtcCalendarContext
                0x00000000200006c8                RtcTimerContext
                0x00000000200006d0                McuWakeUpTime
                0x00000000200006d4                NonScheduledWakeUp
 .bss           0x00000000200006d5        0x1 out/sx1262-board.o
                0x00000000200006d5                gPaOptSetting
 *fill*         0x00000000200006d6        0x2 
 .bss           0x00000000200006d8      0x559 out/LoRaMac.o
                0x00000000200006f0                LoRaMacFlags
                0x000000002000078c                LoRaMacParams
                0x00000000200007c8                LoRaMacParamsDefaults
                0x0000000020000824                LoRaMacState
                0x0000000020000bd0                TxTimeOnAir
 *fill*         0x0000000020000c31        0x3 
 .bss           0x0000000020000c34       0x25 out/LoRaMacConfirmQueue.o
                0x0000000020000c3c                BufferStart
                0x0000000020000c54                BufferEnd
                0x0000000020000c58                CommonStatus
 *fill*         0x0000000020000c59        0x3 
 .bss           0x0000000020000c5c       0x44 out/LoRaMacCrypto.o
 .bss           0x0000000020000ca0      0x498 out/RegionCN470.o
 *(.bss*)
 *(COMMON)
                0x0000000020001138                . = ALIGN (0x4)
                0x0000000020001138                _ebss = .
                0x0000000020001138                __bss_end__ = _ebss

.heap           0x0000000020001138        0x0 load address 0x000000000800965c
                0x0000000020001138                . = ALIGN (0x4)
                0x0000000020001138                _heap_bottom = .
                0x0000000020001138                end = _heap_bottom
                0x0000000020001138                _end = end
                0x0000000020001138                __end = end
                0x0000000020001138                . = (. + _HEAP_SIZE)
                0x0000000020001138                _heap_top = .

.stack          0x0000000020001138     0x1000 load address 0x000000000800965c
                0x0000000020001138                . = ALIGN (0x4)
                0x0000000020001138                _stack_bottom = .
                0x0000000020002138                . = (. + _STACK_SIZE)
 *fill*         0x0000000020001138     0x1000 
                0x0000000020002138                _stack_top = .

/DISCARD/
 libc.a(*)
 libm.a(*)
 libgcc.a(*)

.ARM.attributes
                0x0000000000000000       0x2e
 *(.ARM.attributes)
 .ARM.attributes
                0x0000000000000000       0x1e /usr/lib/gcc/arm-none-eabi/10.3.1/thumb/v7e-m/nofp/crti.o
 .ARM.attributes
                0x000000000000001e       0x2e /usr/lib/gcc/arm-none-eabi/10.3.1/thumb/v7e-m/nofp/crtbegin.o
 .ARM.attributes
                0x000000000000004c       0x32 out/classC.o
 .ARM.attributes
                0x000000000000007e       0x32 out/main.o
 .ARM.attributes
                0x00000000000000b0       0x32 out/tremo_it.o
 .ARM.attributes
                0x00000000000000e2       0x32 out/printf-stdarg.o
 .ARM.attributes
                0x0000000000000114       0x32 out/system_cm4.o
 .ARM.attributes
                0x0000000000000146       0x32 out/tremo_delay.o
 .ARM.attributes
                0x0000000000000178       0x32 out/tremo_gpio.o
 .ARM.attributes
                0x00000000000001aa       0x32 out/tremo_pwr.o
 .ARM.attributes
                0x00000000000001dc       0x32 out/tremo_rcc.o
 .ARM.attributes
                0x000000000000020e       0x32 out/tremo_rtc.o
 .ARM.attributes
                0x0000000000000240       0x32 out/tremo_uart.o
 .ARM.attributes
                0x0000000000000272       0x32 out/delay.o
 .ARM.attributes
                0x00000000000002a4       0x32 out/timer.o
 .ARM.attributes
                0x00000000000002d6       0x32 out/cmac.o
 .ARM.attributes
                0x0000000000000308       0x32 out/radio.o
 .ARM.attributes
                0x000000000000033a       0x32 out/sx126x.o
 .ARM.attributes
                0x000000000000036c       0x32 out/rtc-board.o
 .ARM.attributes
                0x000000000000039e       0x32 out/sx1262-board.o
 .ARM.attributes
                0x00000000000003d0       0x32 out/utilities.o
 .ARM.attributes
                0x0000000000000402       0x32 out/LoRaMac.o
 .ARM.attributes
                0x0000000000000434       0x32 out/LoRaMacClassB.o
 .ARM.attributes
                0x0000000000000466       0x32 out/LoRaMacConfirmQueue.o
 .ARM.attributes
                0x0000000000000498       0x32 out/LoRaMacCrypto.o
 .ARM.attributes
                0x00000000000004ca       0x32 out/Region.o
 .ARM.attributes
                0x00000000000004fc       0x32 out/RegionCommon.o
 .ARM.attributes
                0x000000000000052e       0x32 out/RegionCN470.o
 .ARM.attributes
                0x0000000000000560       0x21 out/startup_cm4.o
 .ARM.attributes
                0x0000000000000581       0x2e /home/aditya/ra-08h/Ai-Thinker-LoRaWAN-Ra-08/drivers/crypto/lib/libcrypto.a(aes.o)
 .ARM.attributes
                0x00000000000005af       0x1e /usr/lib/gcc/arm-none-eabi/10.3.1/thumb/v7e-m/nofp/libgcc.a(_arm_addsubdf3.o)
 .ARM.attributes
                0x00000000000005cd       0x1e /usr/lib/gcc/arm-none-eabi/10.3.1/thumb/v7e-m/nofp/libgcc.a(_arm_muldivdf3.o)
 .ARM.attributes
                0x00000000000005eb       0x1e /usr/lib/gcc/arm-none-eabi/10.3.1/thumb/v7e-m/nofp/libgcc.a(_arm_cmpdf2.o)
 .ARM.attributes
                0x0000000000000609       0x1e /usr/lib/gcc/arm-none-eabi/10.3.1/thumb/v7e-m/nofp/libgcc.a(_arm_fixdfsi.o)
 .ARM.attributes
                0x0000000000000627       0x1e /usr/lib/gcc/arm-none-eabi/10.3.1/thumb/v7e-m/nofp/libgcc.a(_arm_fixunsdfsi.o)
 .ARM.attributes
                0x0000000000000645       0x1e /usr/lib/gcc/arm-none-eabi/10.3.1/thumb/v7e-m/nofp/libgcc.a(_aeabi_uldivmod.o)
 .ARM.attributes
                0x0000000000000663       0x2e /usr/lib/gcc/arm-none-eabi/10.3.1/thumb/v7e-m/nofp/libgcc.a(_fixunsdfdi.o)
 .ARM.attributes
                0x0000000000000691       0x2e /usr/lib/gcc/arm-none-eabi/10.3.1/thumb/v7e-m/nofp/libgcc.a(_udivmoddi4.o)
 .ARM.attributes
                0x00000000000006bf       0x1e /usr/lib/gcc/arm-none-eabi/10.3.1/thumb/v7e-m/nofp/libgcc.a(_dvmd_tls.o)
 .ARM.attributes
                0x00000000000006dd       0x2e /usr/lib/gcc/arm-none-eabi/10.3.1/../../../arm-none-eabi/lib/thumb/v7e-m/nofp/libc.a(lib_a-atexit.o)
 .ARM.attributes
                0x000000000000070b       0x2e /usr/lib/gcc/arm-none-eabi/10.3.1/../../../arm-none-eabi/lib/thumb/v7e-m/nofp/libc.a(lib_a-fini.o)
 .ARM.attributes
                0x0000000000000739       0x2e /usr/lib/gcc/arm-none-eabi/10.3.1/../../../arm-none-eabi/lib/thumb/v7e-m/nofp/libc.a(lib_a-impure.o)
 .ARM.attributes
                0x0000000000000767       0x2e /usr/lib/gcc/arm-none-eabi/10.3.1/../../../arm-none-eabi/lib/thumb/v7e-m/nofp/libc.a(lib_a-init.o)
 .ARM.attributes
                0x0000000000000795       0x1c /usr/lib/gcc/arm-none-eabi/10.3.1/../../../arm-none-eabi/lib/thumb/v7e-m/nofp/libc.a(lib_a-memcpy.o)
 .ARM.attributes
                0x00000000000007b1       0x2e /usr/lib/gcc/arm-none-eabi/10.3.1/../../../arm-none-eabi/lib/thumb/v7e-m/nofp/libc.a(lib_a-memset.o)
 .ARM.attributes
                0x00000000000007df       0x2e /usr/lib/gcc/arm-none-eabi/10.3.1/../../../arm-none-eabi/lib/thumb/v7e-m/nofp/libc.a(lib_a-__atexit.o)
 .ARM.attributes
                0x000000000000080d       0x2e /usr/lib/gcc/arm-none-eabi/10.3.1/../../../arm-none-eabi/lib/thumb/v7e-m/nofp/libc.a(lib_a-__call_atexit.o)
 .ARM.attributes
                0x000000000000083b       0x2e /usr/lib/gcc/arm-none-eabi/10.3.1/thumb/v7e-m/nofp/crtend.o
 .ARM.attributes
                0x0000000000000869       0x1e /usr/lib/gcc/arm-none-eabi/10.3.1/thumb/v7e-m/nofp/crtn.o
OUTPUT(out/class_c.elf elf32-littlearm)
LOAD linker stubs
LOAD /usr/lib/gcc/arm-none-eabi/10.3.1/../../../arm-none-eabi/lib/thumb/v7e-m/nofp/libc.a
LOAD /usr/lib/gcc/arm-none-eabi/10.3.1/../../../arm-none-eabi/lib/thumb/v7e-m/nofp/libm.a
LOAD /usr/lib/gcc/arm-none-eabi/10.3.1/thumb/v7e-m/nofp/libgcc.a

.comment        0x0000000000000000       0xac
 .comment       0x0000000000000000       0x33 /usr/lib/gcc/arm-none-eabi/10.3.1/thumb/v7e-m/nofp/crtbegin.o
                                         0x34 (size before relaxing)
 .comment       0x0000000000000033       0x34 out/classC.o
 .comment       0x0000000000000033       0x34 out/main.o
 .comment       0x0000000000000033       0x34 out/tremo_it.o
 .comment       0x0000000000000033       0x34 out/printf-stdarg.o
 .comment       0x0000000000000033       0x34 out/system_cm4.o
 .comment       0x0000000000000033       0x34 out/tremo_delay.o
 .comment       0x0000000000000033       0x34 out/tremo_gpio.o
 .comment       0x0000000000000033       0x34 out/tremo_pwr.o
 .comment       0x0000000000000033       0x34 out/tremo_rcc.o
 .comment       0x0000000000000033       0x34 out/tremo_rtc.o
 .comment       0x0000000000000033       0x34 out/tremo_uart.o
 .comment       0x0000000000000033       0x34 out/delay.o
 .comment       0x0000000000000033       0x34 out/timer.o
 .comment       0x0000000000000033       0x34 out/cmac.o
 .comment       0x0000000000000033       0x34 out/radio.o
 .comment       0x0000000000000033       0x34 out/sx126x.o
 .comment       0x0000000000000033       0x34 out/rtc-board.o
 .comment       0x0000000000000033       0x34 out/sx1262-board.o
 .comment       0x0000000000000033       0x34 out/utilities.o
 .comment       0x0000000000000033       0x34 out/LoRaMac.o
 .comment       0x0000000000000033       0x34 out/LoRaMacClassB.o
 .comment       0x0000000000000033       0x34 out/LoRaMacConfirmQueue.o
 .comment       0x0000000000000033       0x34 out/LoRaMacCrypto.o
 .comment       0x0000000000000033       0x34 out/Region.o
 .comment       0x0000000000000033       0x34 out/RegionCommon.o
 .comment       0x0000000000000033       0x34 out/RegionCN470.o
 .comment       0x0000000000000033       0x79 /home/aditya/ra-08h/Ai-Thinker-LoRaWAN-Ra-08/drivers/crypto/lib/libcrypto.a(aes.o)
                                         0x7a (size before relaxing)
 .comment       0x00000000000000ac       0x34 /usr/lib/gcc/arm-none-eabi/10.3.1/thumb/v7e-m/nofp/libgcc.a(_fixunsdfdi.o)
 .comment       0x00000000000000ac       0x34 /usr/lib/gcc/arm-none-eabi/10.3.1/thumb/v7e-m/nofp/libgcc.a(_udivmoddi4.o)
 .comment       0x00000000000000ac       0x34 /usr/lib/gcc/arm-none-eabi/10.3.1/../../../arm-none-eabi/lib/thumb/v7e-m/nofp/libc.a(lib_a-atexit.o)
 .comment       0x00000000000000ac       0x34 /usr/lib/gcc/arm-none-eabi/10.3.1/../../../arm-none-eabi/lib/thumb/v7e-m/nofp/libc.a(lib_a-fini.o)
 .comment       0x00000000000000ac       0x34 /usr/lib/gcc/arm-none-eabi/10.3.1/../../../arm-none-eabi/lib/thumb/v7e-m/nofp/libc.a(lib_a-impure.o)
 .comment       0x00000000000000ac       0x34 /usr/lib/gcc/arm-none-eabi/10.3.1/../../../arm-none-eabi/lib/thumb/v7e-m/nofp/libc.a(lib_a-init.o)
 .comment       0x00000000000000ac       0x34 /usr/lib/gcc/arm-none-eabi/10.3.1/../../../arm-none-eabi/lib/thumb/v7e-m/nofp/libc.a(lib_a-memset.o)
 .comment       0x00000000000000ac       0x34 /usr/lib/gcc/arm-none-eabi/10.3.1/../../../arm-none-eabi/lib/thumb/v7e-m/nofp/libc.a(lib_a-__atexit.o)
 .comment       0x00000000000000ac       0x34 /usr/lib/gcc/arm-none-eabi/10.3.1/../../../arm-none-eabi/lib/thumb/v7e-m/nofp/libc.a(lib_a-__call_atexit.o)
 .comment       0x00000000000000ac       0x34 /usr/lib/gcc/arm-none-eabi/10.3.1/thumb/v7e-m/nofp/crtend.o

.debug_info     0x0000000000000000     0x3951
 .debug_info    0x0000000000000000      0xc3a /home/aditya/ra-08h/Ai-Thinker-LoRaWAN-Ra-08/drivers/crypto/lib/libcrypto.a(aes.o)
 .debug_info    0x0000000000000c3a       0x26 /usr/lib/gcc/arm-none-eabi/10.3.1/thumb/v7e-m/nofp/libgcc.a(_arm_addsubdf3.o)
 .debug_info    0x0000000000000c60       0x26 /usr/lib/gcc/arm-none-eabi/10.3.1/thumb/v7e-m/nofp/libgcc.a(_arm_muldivdf3.o)
 .debug_info    0x0000000000000c86       0x26 /usr/lib/gcc/arm-none-eabi/10.3.1/thumb/v7e-m/nofp/libgcc.a(_arm_cmpdf2.o)
 .debug_info    0x0000000000000cac       0x26 /usr/lib/gcc/arm-none-eabi/10.3.1/thumb/v7e-m/nofp/libgcc.a(_arm_fixdfsi.o)
 .debug_info    0x0000000000000cd2       0x26 /usr/lib/gcc/arm-none-eabi/10.3.1/thumb/v7e-m/nofp/libgcc.a(_arm_fixunsdfsi.o)
 .debug_info    0x0000000000000cf8       0x26 /usr/lib/gcc/arm-none-eabi/10.3.1/thumb/v7e-m/nofp/libgcc.a(_aeabi_uldivmod.o)
 .debug_info    0x0000000000000d1e      0x366 /usr/lib/gcc/arm-none-eabi/10.3.1/thumb/v7e-m/nofp/libgcc.a(_fixunsdfdi.o)
 .debug_info    0x0000000000001084      0x717 /usr/lib/gcc/arm-none-eabi/10.3.1/thumb/v7e-m/nofp/libgcc.a(_udivmoddi4.o)
 .debug_info    0x000000000000179b       0x26 /usr/lib/gcc/arm-none-eabi/10.3.1/thumb/v7e-m/nofp/libgcc.a(_dvmd_tls.o)
 .debug_info    0x00000000000017c1      0x100 /usr/lib/gcc/arm-none-eabi/10.3.1/../../../arm-none-eabi/lib/thumb/v7e-m/nofp/libc.a(lib_a-atexit.o)
 .debug_info    0x00000000000018c1      0x102 /usr/lib/gcc/arm-none-eabi/10.3.1/../../../arm-none-eabi/lib/thumb/v7e-m/nofp/libc.a(lib_a-fini.o)
 .debug_info    0x00000000000019c3      0x92a /usr/lib/gcc/arm-none-eabi/10.3.1/../../../arm-none-eabi/lib/thumb/v7e-m/nofp/libc.a(lib_a-impure.o)
 .debug_info    0x00000000000022ed      0x11a /usr/lib/gcc/arm-none-eabi/10.3.1/../../../arm-none-eabi/lib/thumb/v7e-m/nofp/libc.a(lib_a-init.o)
 .debug_info    0x0000000000002407       0x26 /usr/lib/gcc/arm-none-eabi/10.3.1/../../../arm-none-eabi/lib/thumb/v7e-m/nofp/libc.a(lib_a-memcpy.o)
 .debug_info    0x000000000000242d      0x137 /usr/lib/gcc/arm-none-eabi/10.3.1/../../../arm-none-eabi/lib/thumb/v7e-m/nofp/libc.a(lib_a-memset.o)
 .debug_info    0x0000000000002564      0x9b0 /usr/lib/gcc/arm-none-eabi/10.3.1/../../../arm-none-eabi/lib/thumb/v7e-m/nofp/libc.a(lib_a-__atexit.o)
 .debug_info    0x0000000000002f14      0xa3d /usr/lib/gcc/arm-none-eabi/10.3.1/../../../arm-none-eabi/lib/thumb/v7e-m/nofp/libc.a(lib_a-__call_atexit.o)

.debug_abbrev   0x0000000000000000      0xedb
 .debug_abbrev  0x0000000000000000      0x228 /home/aditya/ra-08h/Ai-Thinker-LoRaWAN-Ra-08/drivers/crypto/lib/libcrypto.a(aes.o)
 .debug_abbrev  0x0000000000000228       0x14 /usr/lib/gcc/arm-none-eabi/10.3.1/thumb/v7e-m/nofp/libgcc.a(_arm_addsubdf3.o)
 .debug_abbrev  0x000000000000023c       0x14 /usr/lib/gcc/arm-none-eabi/10.3.1/thumb/v7e-m/nofp/libgcc.a(_arm_muldivdf3.o)
 .debug_abbrev  0x0000000000000250       0x14 /usr/lib/gcc/arm-none-eabi/10.3.1/thumb/v7e-m/nofp/libgcc.a(_arm_cmpdf2.o)
 .debug_abbrev  0x0000000000000264       0x14 /usr/lib/gcc/arm-none-eabi/10.3.1/thumb/v7e-m/nofp/libgcc.a(_arm_fixdfsi.o)
 .debug_abbrev  0x0000000000000278       0x14 /usr/lib/gcc/arm-none-eabi/10.3.1/thumb/v7e-m/nofp/libgcc.a(_arm_fixunsdfsi.o)
 .debug_abbrev  0x000000000000028c       0x14 /usr/lib/gcc/arm-none-eabi/10.3.1/thumb/v7e-m/nofp/libgcc.a(_aeabi_uldivmod.o)
 .debug_abbrev  0x00000000000002a0      0x101 /usr/lib/gcc/arm-none-eabi/10.3.1/thumb/v7e-m/nofp/libgcc.a(_fixunsdfdi.o)
 .debug_abbrev  0x00000000000003a1      0x163 /usr/lib/gcc/arm-none-eabi/10.3.1/thumb/v7e-m/nofp/libgcc.a(_udivmoddi4.o)
 .debug_abbrev  0x0000000000000504       0x14 /usr/lib/gcc/arm-none-eabi/10.3.1/thumb/v7e-m/nofp/libgcc.a(_dvmd_tls.o)
 .debug_abbrev  0x0000000000000518       0xb7 /usr/lib/gcc/arm-none-eabi/10.3.1/../../../arm-none-eabi/lib/thumb/v7e-m/nofp/libc.a(lib_a-atexit.o)
 .debug_abbrev  0x00000000000005cf       0xcf /usr/lib/gcc/arm-none-eabi/10.3.1/../../../arm-none-eabi/lib/thumb/v7e-m/nofp/libc.a(lib_a-fini.o)
 .debug_abbrev  0x000000000000069e      0x1b8 /usr/lib/gcc/arm-none-eabi/10.3.1/../../../arm-none-eabi/lib/thumb/v7e-m/nofp/libc.a(lib_a-impure.o)
 .debug_abbrev  0x0000000000000856       0xcc /usr/lib/gcc/arm-none-eabi/10.3.1/../../../arm-none-eabi/lib/thumb/v7e-m/nofp/libc.a(lib_a-init.o)
 .debug_abbrev  0x0000000000000922       0x14 /usr/lib/gcc/arm-none-eabi/10.3.1/../../../arm-none-eabi/lib/thumb/v7e-m/nofp/libc.a(lib_a-memcpy.o)
 .debug_abbrev  0x0000000000000936       0xb4 /usr/lib/gcc/arm-none-eabi/10.3.1/../../../arm-none-eabi/lib/thumb/v7e-m/nofp/libc.a(lib_a-memset.o)
 .debug_abbrev  0x00000000000009ea      0x23f /usr/lib/gcc/arm-none-eabi/10.3.1/../../../arm-none-eabi/lib/thumb/v7e-m/nofp/libc.a(lib_a-__atexit.o)
 .debug_abbrev  0x0000000000000c29      0x2b2 /usr/lib/gcc/arm-none-eabi/10.3.1/../../../arm-none-eabi/lib/thumb/v7e-m/nofp/libc.a(lib_a-__call_atexit.o)

.debug_loc      0x0000000000000000     0x188b
 .debug_loc     0x0000000000000000       0xe4 /home/aditya/ra-08h/Ai-Thinker-LoRaWAN-Ra-08/drivers/crypto/lib/libcrypto.a(aes.o)
 .debug_loc     0x00000000000000e4       0xad /usr/lib/gcc/arm-none-eabi/10.3.1/thumb/v7e-m/nofp/libgcc.a(_fixunsdfdi.o)
 .debug_loc     0x0000000000000191     0x1094 /usr/lib/gcc/arm-none-eabi/10.3.1/thumb/v7e-m/nofp/libgcc.a(_udivmoddi4.o)
 .debug_loc     0x0000000000001225       0x32 /usr/lib/gcc/arm-none-eabi/10.3.1/../../../arm-none-eabi/lib/thumb/v7e-m/nofp/libc.a(lib_a-atexit.o)
 .debug_loc     0x0000000000001257       0x68 /usr/lib/gcc/arm-none-eabi/10.3.1/../../../arm-none-eabi/lib/thumb/v7e-m/nofp/libc.a(lib_a-fini.o)
 .debug_loc     0x00000000000012bf       0xba /usr/lib/gcc/arm-none-eabi/10.3.1/../../../arm-none-eabi/lib/thumb/v7e-m/nofp/libc.a(lib_a-init.o)
 .debug_loc     0x0000000000001379      0x22c /usr/lib/gcc/arm-none-eabi/10.3.1/../../../arm-none-eabi/lib/thumb/v7e-m/nofp/libc.a(lib_a-memset.o)
 .debug_loc     0x00000000000015a5      0x138 /usr/lib/gcc/arm-none-eabi/10.3.1/../../../arm-none-eabi/lib/thumb/v7e-m/nofp/libc.a(lib_a-__atexit.o)
 .debug_loc     0x00000000000016dd      0x1ae /usr/lib/gcc/arm-none-eabi/10.3.1/../../../arm-none-eabi/lib/thumb/v7e-m/nofp/libc.a(lib_a-__call_atexit.o)

.debug_aranges  0x0000000000000000      0x240
 .debug_aranges
                0x0000000000000000       0x20 /home/aditya/ra-08h/Ai-Thinker-LoRaWAN-Ra-08/drivers/crypto/lib/libcrypto.a(aes.o)
 .debug_aranges
                0x0000000000000020       0x20 /usr/lib/gcc/arm-none-eabi/10.3.1/thumb/v7e-m/nofp/libgcc.a(_arm_addsubdf3.o)
 .debug_aranges
                0x0000000000000040       0x20 /usr/lib/gcc/arm-none-eabi/10.3.1/thumb/v7e-m/nofp/libgcc.a(_arm_muldivdf3.o)
 .debug_aranges
                0x0000000000000060       0x20 /usr/lib/gcc/arm-none-eabi/10.3.1/thumb/v7e-m/nofp/libgcc.a(_arm_cmpdf2.o)
 .debug_aranges
                0x0000000000000080       0x20 /usr/lib/gcc/arm-none-eabi/10.3.1/thumb/v7e-m/nofp/libgcc.a(_arm_fixdfsi.o)
 .debug_aranges
                0x00000000000000a0       0x20 /usr/lib/gcc/arm-none-eabi/10.3.1/thumb/v7e-m/nofp/libgcc.a(_arm_fixunsdfsi.o)
 .debug_aranges
                0x00000000000000c0       0x20 /usr/lib/gcc/arm-none-eabi/10.3.1/thumb/v7e-m/nofp/libgcc.a(_aeabi_uldivmod.o)
 .debug_aranges
                0x00000000000000e0       0x20 /usr/lib/gcc/arm-none-eabi/10.3.1/thumb/v7e-m/nofp/libgcc.a(_fixunsdfdi.o)
 .debug_aranges
                0x0000000000000100       0x20 /usr/lib/gcc/arm-none-eabi/10.3.1/thumb/v7e-m/nofp/libgcc.a(_udivmoddi4.o)
 .debug_aranges
                0x0000000000000120       0x20 /usr/lib/gcc/arm-none-eabi/10.3.1/thumb/v7e-m/nofp/libgcc.a(_dvmd_tls.o)
 .debug_aranges
                0x0000000000000140       0x20 /usr/lib/gcc/arm-none-eabi/10.3.1/../../../arm-none-eabi/lib/thumb/v7e-m/nofp/libc.a(lib_a-atexit.o)
 .debug_aranges
                0x0000000000000160       0x20 /usr/lib/gcc/arm-none-eabi/10.3.1/../../../arm-none-eabi/lib/thumb/v7e-m/nofp/libc.a(lib_a-fini.o)
 .debug_aranges
                0x0000000000000180       0x18 /usr/lib/gcc/arm-none-eabi/10.3.1/../../../arm-none-eabi/lib/thumb/v7e-m/nofp/libc.a(lib_a-impure.o)
 .debug_aranges
                0x0000000000000198       0x20 /usr/lib/gcc/arm-none-eabi/10.3.1/../../../arm-none-eabi/lib/thumb/v7e-m/nofp/libc.a(lib_a-init.o)
 .debug_aranges
                0x00000000000001b8       0x20 /usr/lib/gcc/arm-none-eabi/10.3.1/../../../arm-none-eabi/lib/thumb/v7e-m/nofp/libc.a(lib_a-memcpy.o)
 .debug_aranges
                0x00000000000001d8       0x20 /usr/lib/gcc/arm-none-eabi/10.3.1/../../../arm-none-eabi/lib/thumb/v7e-m/nofp/libc.a(lib_a-memset.o)
 .debug_aranges
                0x00000000000001f8       0x20 /usr/lib/gcc/arm-none-eabi/10.3.1/../../../arm-none-eabi/lib/thumb/v7e-m/nofp/libc.a(lib_a-__atexit.o)
 .debug_aranges
                0x0000000000000218       0x28 /usr/lib/gcc/arm-none-eabi/10.3.1/../../../arm-none-eabi/lib/thumb/v7e-m/nofp/libc.a(lib_a-__call_atexit.o)

.debug_line     0x0000000000000000     0x18cd
 .debug_line    0x0000000000000000      0x268 /home/aditya/ra-08h/Ai-Thinker-LoRaWAN-Ra-08/drivers/crypto/lib/libcrypto.a(aes.o)
 .debug_line    0x0000000000000268      0x186 /usr/lib/gcc/arm-none-eabi/10.3.1/thumb/v7e-m/nofp/libgcc.a(_arm_addsubdf3.o)
 .debug_line    0x00000000000003ee      0x19b /usr/lib/gcc/arm-none-eabi/10.3.1/thumb/v7e-m/nofp/libgcc.a(_arm_muldivdf3.o)
 .debug_line    0x0000000000000589       0xbd /usr/lib/gcc/arm-none-eabi/10.3.1/thumb/v7e-m/nofp/libgcc.a(_arm_cmpdf2.o)
 .debug_line    0x0000000000000646       0x79 /usr/lib/gcc/arm-none-eabi/10.3.1/thumb/v7e-m/nofp/libgcc.a(_arm_fixdfsi.o)
 .debug_line    0x00000000000006bf       0x75 /usr/lib/gcc/arm-none-eabi/10.3.1/thumb/v7e-m/nofp/libgcc.a(_arm_fixunsdfsi.o)
 .debug_line    0x0000000000000734       0x60 /usr/lib/gcc/arm-none-eabi/10.3.1/thumb/v7e-m/nofp/libgcc.a(_aeabi_uldivmod.o)
 .debug_line    0x0000000000000794       0xad /usr/lib/gcc/arm-none-eabi/10.3.1/thumb/v7e-m/nofp/libgcc.a(_fixunsdfdi.o)
 .debug_line    0x0000000000000841      0x5b4 /usr/lib/gcc/arm-none-eabi/10.3.1/thumb/v7e-m/nofp/libgcc.a(_udivmoddi4.o)
 .debug_line    0x0000000000000df5       0x60 /usr/lib/gcc/arm-none-eabi/10.3.1/thumb/v7e-m/nofp/libgcc.a(_dvmd_tls.o)
 .debug_line    0x0000000000000e55       0xc0 /usr/lib/gcc/arm-none-eabi/10.3.1/../../../arm-none-eabi/lib/thumb/v7e-m/nofp/libc.a(lib_a-atexit.o)
 .debug_line    0x0000000000000f15       0xed /usr/lib/gcc/arm-none-eabi/10.3.1/../../../arm-none-eabi/lib/thumb/v7e-m/nofp/libc.a(lib_a-fini.o)
 .debug_line    0x0000000000001002       0xe4 /usr/lib/gcc/arm-none-eabi/10.3.1/../../../arm-none-eabi/lib/thumb/v7e-m/nofp/libc.a(lib_a-impure.o)
 .debug_line    0x00000000000010e6      0x138 /usr/lib/gcc/arm-none-eabi/10.3.1/../../../arm-none-eabi/lib/thumb/v7e-m/nofp/libc.a(lib_a-init.o)
 .debug_line    0x000000000000121e       0xbe /usr/lib/gcc/arm-none-eabi/10.3.1/../../../arm-none-eabi/lib/thumb/v7e-m/nofp/libc.a(lib_a-memcpy.o)
 .debug_line    0x00000000000012dc      0x1bf /usr/lib/gcc/arm-none-eabi/10.3.1/../../../arm-none-eabi/lib/thumb/v7e-m/nofp/libc.a(lib_a-memset.o)
 .debug_line    0x000000000000149b      0x19e /usr/lib/gcc/arm-none-eabi/10.3.1/../../../arm-none-eabi/lib/thumb/v7e-m/nofp/libc.a(lib_a-__atexit.o)
 .debug_line    0x0000000000001639      0x294 /usr/lib/gcc/arm-none-eabi/10.3.1/../../../arm-none-eabi/lib/thumb/v7e-m/nofp/libc.a(lib_a-__call_atexit.o)

.debug_str      0x0000000000000000     0x1370
 .debug_str     0x0000000000000000      0x6db /home/aditya/ra-08h/Ai-Thinker-LoRaWAN-Ra-08/drivers/crypto/lib/libcrypto.a(aes.o)
                                        0x74e (size before relaxing)
 .debug_str     0x00000000000006db       0xa8 /usr/lib/gcc/arm-none-eabi/10.3.1/thumb/v7e-m/nofp/libgcc.a(_arm_addsubdf3.o)
 .debug_str     0x0000000000000783       0xa8 /usr/lib/gcc/arm-none-eabi/10.3.1/thumb/v7e-m/nofp/libgcc.a(_arm_muldivdf3.o)
 .debug_str     0x0000000000000783       0xa8 /usr/lib/gcc/arm-none-eabi/10.3.1/thumb/v7e-m/nofp/libgcc.a(_arm_cmpdf2.o)
 .debug_str     0x0000000000000783       0xa8 /usr/lib/gcc/arm-none-eabi/10.3.1/thumb/v7e-m/nofp/libgcc.a(_arm_fixdfsi.o)
 .debug_str     0x0000000000000783       0xa8 /usr/lib/gcc/arm-none-eabi/10.3.1/thumb/v7e-m/nofp/libgcc.a(_arm_fixunsdfsi.o)
 .debug_str     0x0000000000000783       0x2c /usr/lib/gcc/arm-none-eabi/10.3.1/thumb/v7e-m/nofp/libgcc.a(_aeabi_uldivmod.o)
                                         0xa3 (size before relaxing)
 .debug_str     0x00000000000007af      0x543 /usr/lib/gcc/arm-none-eabi/10.3.1/thumb/v7e-m/nofp/libgcc.a(_fixunsdfdi.o)
                                        0x629 (size before relaxing)
 .debug_str     0x0000000000000cf2       0xfa /usr/lib/gcc/arm-none-eabi/10.3.1/thumb/v7e-m/nofp/libgcc.a(_udivmoddi4.o)
                                        0x641 (size before relaxing)
 .debug_str     0x0000000000000dec       0x30 /usr/lib/gcc/arm-none-eabi/10.3.1/thumb/v7e-m/nofp/libgcc.a(_dvmd_tls.o)
                                         0xa7 (size before relaxing)
 .debug_str     0x0000000000000e1c      0x142 /usr/lib/gcc/arm-none-eabi/10.3.1/../../../arm-none-eabi/lib/thumb/v7e-m/nofp/libc.a(lib_a-atexit.o)
                                        0x1de (size before relaxing)
 .debug_str     0x0000000000000f5e       0xc5 /usr/lib/gcc/arm-none-eabi/10.3.1/../../../arm-none-eabi/lib/thumb/v7e-m/nofp/libc.a(lib_a-fini.o)
                                        0x1d6 (size before relaxing)
 .debug_str     0x0000000000001023       0xaa /usr/lib/gcc/arm-none-eabi/10.3.1/../../../arm-none-eabi/lib/thumb/v7e-m/nofp/libc.a(lib_a-impure.o)
                                        0x57c (size before relaxing)
 .debug_str     0x00000000000010cd       0x90 /usr/lib/gcc/arm-none-eabi/10.3.1/../../../arm-none-eabi/lib/thumb/v7e-m/nofp/libc.a(lib_a-init.o)
                                        0x200 (size before relaxing)
 .debug_str     0x000000000000115d       0xa2 /usr/lib/gcc/arm-none-eabi/10.3.1/../../../arm-none-eabi/lib/thumb/v7e-m/nofp/libc.a(lib_a-memcpy.o)
                                         0xae (size before relaxing)
 .debug_str     0x00000000000011ff       0xa9 /usr/lib/gcc/arm-none-eabi/10.3.1/../../../arm-none-eabi/lib/thumb/v7e-m/nofp/libc.a(lib_a-memset.o)
                                        0x1b5 (size before relaxing)
 .debug_str     0x00000000000012a8       0x36 /usr/lib/gcc/arm-none-eabi/10.3.1/../../../arm-none-eabi/lib/thumb/v7e-m/nofp/libc.a(lib_a-__atexit.o)
                                        0x5b6 (size before relaxing)
 .debug_str     0x00000000000012de       0x92 /usr/lib/gcc/arm-none-eabi/10.3.1/../../../arm-none-eabi/lib/thumb/v7e-m/nofp/libc.a(lib_a-__call_atexit.o)
                                        0x5e2 (size before relaxing)

.debug_frame    0x0000000000000000      0x44c
 .debug_frame   0x0000000000000000       0x88 /home/aditya/ra-08h/Ai-Thinker-LoRaWAN-Ra-08/drivers/crypto/lib/libcrypto.a(aes.o)
 .debug_frame   0x0000000000000088       0xac /usr/lib/gcc/arm-none-eabi/10.3.1/thumb/v7e-m/nofp/libgcc.a(_arm_addsubdf3.o)
 .debug_frame   0x0000000000000134       0x50 /usr/lib/gcc/arm-none-eabi/10.3.1/thumb/v7e-m/nofp/libgcc.a(_arm_muldivdf3.o)
 .debug_frame   0x0000000000000184       0xc4 /usr/lib/gcc/arm-none-eabi/10.3.1/thumb/v7e-m/nofp/libgcc.a(_arm_cmpdf2.o)
 .debug_frame   0x0000000000000248       0x24 /usr/lib/gcc/arm-none-eabi/10.3.1/thumb/v7e-m/nofp/libgcc.a(_arm_fixdfsi.o)